ets Jul 29 2019 12:21:46

rst:0x1 (POWERON_RESET),boot:0x17 (SPI_FAST_FLASH_BOOT)
configsip: 0, SPIWP:0xee
clk_drv:0x00,q_drv:0x00,d_drv:0x00,cs0_drv:0x00,hd_drv:0x00,wp_drv:0x00
mode:DIO, clock div:2
load:0x3fff0030,len:6276
load:0x40078000,len:15748
load:0x40080400,len:4
ho 8 tail 4 room 4
load:0x40080404,len:3860
entry 0x4008063c
[0;32mI (31) boot: ESP-IDF v5.4.1-dirty 2nd stage bootloader[0m
[0;32mI (31) boot: compile time Aug  6 2025 12:43:09[0m
[0;32mI (31) boot: Multicore bootloader[0m
[0;32mI (33) boot: chip revision: v3.1[0m
[0;32mI (36) boot.esp32: SPI Speed      : 40MHz[0m
[0;32mI (40) boot.esp32: SPI Mode       : DIO[0m
[0;32mI (43) boot.esp32: SPI Flash Size : 4MB[0m
[0;32mI (47) boot: Enabling RNG early entropy source...[0m
[0;32mI (51) boot: Partition Table:[0m
[0;32mI (54) boot: ## Label            Usage          Type ST Offset   Length[0m
[0;32mI (60) boot:  0 nvs              WiFi data        01 02 00009000 00006000[0m
[0;32mI (67) boot:  1 phy_init         RF data          01 01 0000f000 00001000[0m
[0;32mI (73) boot:  2 factory          factory app      00 00 00010000 00100000[0m
[0;32mI (80) boot: End of partition table[0m
[0;32mI (83) esp_image: segment 0: paddr=00010020 vaddr=3f400020 size=0b604h ( 46596) map[0m
[0;32mI (106) esp_image: segment 1: paddr=0001b62c vaddr=3ff80000 size=0001ch (    28) load[0m
[0;32mI (107) esp_image: segment 2: paddr=0001b650 vaddr=3ffb0000 size=02438h (  9272) load[0m
[0;32mI (114) esp_image: segment 3: paddr=0001da90 vaddr=40080000 size=02588h (  9608) load[0m
[0;32mI (122) esp_image: segment 4: paddr=00020020 vaddr=400d0020 size=16ac0h ( 92864) map[0m
[0;32mI (157) esp_image: segment 5: paddr=00036ae8 vaddr=40082588 size=0c004h ( 49156) load[0m
[0;32mI (183) boot: Loaded app from partition at offset 0x10000[0m
[0;32mI (183) boot: Disabling RNG early entropy source...[0m
[0;32mI (194) cpu_start: Multicore app[0m
[0;32mI (202) cpu_start: Pro cpu start user code[0m
[0;32mI (202) cpu_start: cpu freq: 160000000 Hz[0m
[0;32mI (202) app_init: Application information:[0m
[0;32mI (202) app_init: Project name:     DriverESP32[0m
[0;32mI (206) app_init: App version:      ce11069-dirty[0m
[0;32mI (211) app_init: Compile time:     Aug 12 2025 14:42:37[0m
[0;32mI (216) app_init: ELF file SHA256:  81d3d6170...[0m
[0;32mI (220) app_init: ESP-IDF:          v5.4.1-dirty[0m
[0;32mI (225) efuse_init: Min chip rev:     v0.0[0m
[0;32mI (228) efuse_init: Max chip rev:     v3.99 [0m
[0;32mI (232) efuse_init: Chip rev:         v3.1[0m
[0;32mI (237) heap_init: Initializing. RAM available for dynamic allocation:[0m
[0;32mI (243) heap_init: At 3FFAE6E0 len 00001920 (6 KiB): DRAM[0m
[0;32mI (248) heap_init: At 3FFB2D28 len 0002D2D8 (180 KiB): DRAM[0m
[0;32mI (253) heap_init: At 3FFE0440 len 00003AE0 (14 KiB): D/IRAM[0m
[0;32mI (258) heap_init: At 3FFE4350 len 0001BCB0 (111 KiB): D/IRAM[0m
[0;32mI (264) heap_init: At 4008E58C len 00011A74 (70 KiB): IRAM[0m
[0;32mI (270) spi_flash: detected chip: generic[0m
[0;32mI (273) spi_flash: flash io: dio[0m
[0;32mI (276) main_task: Started on CPU0[0m
[0;32mI (286) main_task: Calling app_main()[0m
[0;32mI (286) SPI: SPI bus initialized[0m
[0;32mI (286) SPI: SPI device added[0m
[0;32mI (286) gpio: GPIO[25]| InputEn: 0| OutputEn: 1| OpenDrain: 0| Pullup: 1| Pulldown: 0| Intr:0 [0m
[0;32mI (296) gpio: GPIO[26]| InputEn: 0| OutputEn: 1| OpenDrain: 0| Pullup: 0| Pulldown: 0| Intr:0 [0m
[1;31mE (1296) spi_master: check_trans_valid(1055): rx length > tx length in full duplex mode[0m
ESP_ERROR_CHECK failed: esp_err_t 0x102 (ESP_ERR_INVALID_ARG) at 0x400d6ced
file: "./main/SPIpro.c" line 74
func: spi_sent_receive
expression: ret

abort() was called at PC 0x400866e7 on core 0


Backtrace: 0x400819b9:0x3ffb3e30 0x400866f1:0x3ffb3e50 0x4008ce8d:0x3ffb3e70 0x400866e7:0x3ffb3ee0 0x400d6ced:0x3ffb3f10 0x400d6da3:0x3ffb3f60 0x400d6d48:0x3ffb3f80 0x400d6bcb:0x3ffb3fa0 0x400d6bb4:0x3ffb3fc0 0x400e6388:0x3ffb4020 0x400870ad:0x3ffb4050




ELF file SHA256: 81d3d6170

Rebooting...
ets Jul 29 2019 12:21:46

rst:0xc (SW_CPU_RESET),boot:0x17 (SPI_FAST_FLASH_BOOT)
configsip: 0, SPIWP:0xee
clk_drv:0x00,q_drv:0x00,d_drv:0x00,cs0_drv:0x00,hd_drv:0x00,wp_drv:0x00
mode:DIO, clock div:2
load:0x3fff0030,len:6276
load:0x40078000,len:15748
load:0x40080400,len:4
ho 8 tail 4 room 4
load:0x40080404,len:3860
entry 0x4008063c
[0;32mI (31) boot: ESP-IDF v5.4.1-dirty 2nd stage bootloader[0m
[0;32mI (31) boot: compile time Aug  6 2025 12:43:09[0m
[0;32mI (31) boot: Multicore bootloader[0m
[0;32mI (33) boot: chip revision: v3.1[0m
[0;32mI (36) boot.esp32: SPI Speed      : 40MHz[0m
[0;32mI (39) boot.esp32: SPI Mode       : DIO[0m
[0;32mI (43) boot.esp32: SPI Flash Size : 4MB[0m
[0;32mI (47) boot: Enabling RNG early entropy source...[0m
[0;32mI (51) boot: Partition Table:[0m
[0;32mI (54) boot: ## Label            Usage          Type ST Offset   Length[0m
[0;32mI (60) boot:  0 nvs              WiFi data        01 02 00009000 00006000[0m
[0;32mI (67) boot:  1 phy_init         RF data          01 01 0000f000 00001000[0m
[0;32mI (73) boot:  2 factory          factory app      00 00 00010000 00100000[0m
[0;32mI (80) boot: End of partition table[0m
[0;32mI (83) esp_image: segment 0: paddr=00010020 vaddr=3f400020 size=0b604h ( 46596) map[0m
[0;32mI (106) esp_image: segment 1: paddr=0001b62c vaddr=3ff80000 size=0001ch (    28) load[0m
[0;32mI (107) esp_image: segment 2: paddr=0001b650 vaddr=3ffb0000 size=02438h (  9272) load[0m
[0;32mI (114) esp_image: segment 3: paddr=0001da90 vaddr=40080000 size=02588h (  9608) load[0m
[0;32mI (121) esp_image: segment 4: paddr=00020020 vaddr=400d0020 size=16ac0h ( 92864) map[0m
[0;32mI (157) esp_image: segment 5: paddr=00036ae8 vaddr=40082588 size=0c004h ( 49156) load[0m
[0;32mI (183) boot: Loaded app from partition at offset 0x10000[0m
[0;32mI (183) boot: Disabling RNG early entropy source...[0m
[0;32mI (194) cpu_start: Multicore app[0m
[0;32mI (202) cpu_start: Pro cpu start user code[0m
[0;32mI (202) cpu_start: cpu freq: 160000000 Hz[0m
[0;32mI (202) app_init: Application information:[0m
[0;32mI (202) app_init: Project name:     DriverESP32[0m
[0;32mI (206) app_init: App version:      ce11069-dirty[0m
[0;32mI (211) app_init: Compile time:     Aug 12 2025 14:42:37[0m
[0;32mI (216) app_init: ELF file SHA256:  81d3d6170...[0m
[0;32mI (220) app_init: ESP-IDF:          v5.4.1-dirty[0m
[0;32mI (224) efuse_init: Min chip rev:     v0.0[0m
[0;32mI (228) efuse_init: Max chip rev:     v3.99 [0m
[0;32mI (232) efuse_init: Chip rev:         v3.1[0m
[0;32mI (236) heap_init: Initializing. RAM available for dynamic allocation:[0m
[0;32mI (243) heap_init: At 3FFAE6E0 len 00001920 (6 KiB): DRAM[0m
[0;32mI (248) heap_init: At 3FFB2D28 len 0002D2D8 (180 KiB): DRAM[0m
[0;32mI (253) heap_init: At 3FFE0440 len 00003AE0 (14 KiB): D/IRAM[0m
[0;32mI (258) heap_init: At 3FFE4350 len 0001BCB0 (111 KiB): D/IRAM[0m
[0;32mI (264) heap_init: At 4008E58C len 00011A74 (70 KiB): IRAM[0m
[0;32mI (270) spi_flash: detected chip: generic[0m
[0;32mI (273) spi_flash: flash io: dio[0m
[0;32mI (276) main_task: Started on CPU0[0m
[0;32mI (286) main_task: Calling app_main()[0m
[0;32mI (286) SPI: SPI bus initialized[0m
[0;32mI (286) SPI: SPI device added[0m
[0;32mI (286) gpio: GPIO[25]| InputEn: 0| OutputEn: 1| OpenDrain: 0| Pullup: 1| Pulldown: 0| Intr:0 [0m
[0;32mI (296) gpio: GPIO[26]| InputEn: 0| OutputEn: 1| OpenDrain: 0| Pullup: 0| Pulldown: 0| Intr:0 [0m
[1;31mE (1296) spi_master: check_trans_valid(1055): rx length > tx length in full duplex mode[0m
ESP_ERROR_CHECK failed: esp_err_t 0x102 (ESP_ERR_INVALID_ARG) at 0x400d6ced
file: "./main/SPIpro.c" line 74
func: spi_sent_receive
expression: ret

abort() was called at PC 0x400866e7 on core 0


Backtrace: 0x400819b9:0x3ffb3e30 0x400866f1:0x3ffb3e50 0x4008ce8d:0x3ffb3e70 0x400866e7:0x3ffb3ee0 0x400d6ced:0x3ffb3f10 0x400d6da3:0x3ffb3f60 0x400d6d48:0x3ffb3f80 0x400d6bcb:0x3ffb3fa0 0x400d6bb4:0x3ffb3fc0 0x400e6388:0x3ffb4020 0x400870ad:0x3ffb4050




ELF file SHA256: 81d3d6170

Rebooting...
ets Jul 29 2019 12:21:46

rst:0xc (SW_CPU_RESET),boot:0x17 (SPI_FAST_FLASH_BOOT)
configsip: 0, SPIWP:0xee
clk_drv:0x00,q_drv:0x00,d_drv:0x00,cs0_drv:0x00,hd_drv:0x00,wp_drv:0x00
mode:DIO, clock div:2
load:0x3fff0030,len:6276
load:0x40078000,len:15748
load:0x40080400,len:4
ho 8 tail 4 room 4
load:0x40080404,len:3860
entry 0x4008063c
[0;32mI (31) boot: ESP-IDF v5.4.1-dirty 2nd stage bootloader[0m
[0;32mI (31) boot: compile time Aug  6 2025 12:43:09[0m
[0;32mI (31) boot: Multicore bootloader[0m
[0;32mI (33) boot: chip revision: v3.1[0m
[0;32mI (36) boot.esp32: SPI Speed      : 40MHz[0m
[0;32mI (39) boot.esp32: SPI Mode       : DIO[0m
[0;32mI (43) boot.esp32: SPI Flash Size : 4MB[0m
[0;32mI (47) boot: Enabling RNG early entropy source...[0m
[0;32mI (51) boot: Partition Table:[0m
[0;32mI (54) boot: ## Label            Usage          Type ST Offset   Length[0m
[0;32mI (60) boot:  0 nvs              WiFi data        01 02 00009000 00006000[0m
[0;32mI (67) boot:  1 phy_init         RF data          01 01 0000f000 00001000[0m
[0;32mI (73) boot:  2 factory          factory app      00 00 00010000 00100000[0m
[0;32mI (80) boot: End of partition table[0m
[0;32mI (83) esp_image: segment 0: paddr=00010020 vaddr=3f400020 size=0b604h ( 46596) map[0m
[0;32mI (106) esp_image: segment 1: paddr=0001b62c vaddr=3ff80000 size=0001ch (    28) load[0m
[0;32mI (107) esp_image: segment 2: paddr=0001b650 vaddr=3ffb0000 size=02438h (  9272) load[0m
[0;32mI (114) esp_image: segment 3: paddr=0001da90 vaddr=40080000 size=02588h (  9608) load[0m
[0;32mI (121) esp_image: segment 4: paddr=00020020 vaddr=400d0020 size=16ac0h ( 92864) map[0m
[0;32mI (157) esp_image: segment 5: paddr=00036ae8 vaddr=40082588 size=0c004h ( 49156) load[0m
[0;32mI (183) boot: Loaded app from partition at offset 0x10000[0m
[0;32mI (183) boot: Disabling RNG early entropy source...[0m
[0;32mI (194) cpu_start: Multicore app[0m
[0;32mI (202) cpu_start: Pro cpu start user code[0m
[0;32mI (202) cpu_start: cpu freq: 160000000 Hz[0m
[0;32mI (202) app_init: Application information:[0m
[0;32mI (202) app_init: Project name:     DriverESP32[0m
[0;32mI (206) app_init: App version:      ce11069-dirty[0m
[0;32mI (211) app_init: Compile time:     Aug 12 2025 14:42:37[0m
[0;32mI (216) app_init: ELF file SHA256:  81d3d6170...[0m
[0;32mI (220) app_init: ESP-IDF:          v5.4.1-dirty[0m
[0;32mI (224) efuse_init: Min chip rev:     v0.0[0m
[0;32mI (228) efuse_init: Max chip rev:     v3.99 [0m
[0;32mI (232) efuse_init: Chip rev:         v3.1[0m
[0;32mI (236) heap_init: Initializing. RAM available for dynamic allocation:[0m
[0;32mI (243) heap_init: At 3FFAE6E0 len 00001920 (6 KiB): DRAM[0m
[0;32mI (248) heap_init: At 3FFB2D28 len 0002D2D8 (180 KiB): DRAM[0m
[0;32mI (253) heap_init: At 3FFE0440 len 00003AE0 (14 KiB): D/IRAM[0m
[0;32mI (258) heap_init: At 3FFE4350 len 0001BCB0 (111 KiB): D/IRAM[0m
[0;32mI (264) heap_init: At 4008E58C len 00011A74 (70 KiB): IRAM[0m
[0;32mI (270) spi_flash: detected chip: generic[0m
[0;32mI (273) spi_flash: flash io: dio[0m
[0;32mI (276) main_task: Started on CPU0[0m
[0;32mI (286) main_task: Calling app_main()[0m
[0;32mI (286) SPI: SPI bus initialized[0m
[0;32mI (286) SPI: SPI device added[0m
[0;32mI (286) gpio: GPIO[25]| InputEn: 0| OutputEn: 1| OpenDrain: 0| Pullup: 1| Pulldown: 0| Intr:0 [0m
[0;32mI (296) gpio: GPIO[26]| InputEn: 0| OutputEn: 1| OpenDrain: 0| Pullup: 0| Pulldown: 0| Intr:0 [0m
[1;31mE (1296) spi_master: check_trans_valid(1055): rx length > tx length in full duplex mode[0m
ESP_ERROR_CHECK failed: esp_err_t 0x102 (ESP_ERR_INVALID_ARG) at 0x400d6ced
file: "./main/SPIpro.c" line 74
func: spi_sent_receive
expression: ret

abort() was called at PC 0x400866e7 on core 0


Backtrace: 0x400819b9:0x3ffb3e30 0x400866f1:0x3ffb3e50 0x4008ce8d:0x3ffb3e70 0x400866e7:0x3ffb3ee0 0x400d6ced:0x3ffb3f10 0x400d6da3:0x3ffb3f60 0x400d6d48:0x3ffb3f80 0x400d6bcb:0x3ffb3fa0 0x400d6bb4:0x3ffb3fc0 0x400e6388:0x3ffb4020 0x400870ad:0x3ffb4050




ELF file SHA256: 81d3d6170

Rebooting...
ets Jul 29 2019 12:21:46

rst:0xc (SW_CPU_RESET),boot:0x17 (SPI_FAST_FLASH_BOOT)
configsip: 0, SPIWP:0xee
clk_drv:0x00,q_drv:0x00,d_drv:0x00,cs0_drv:0x00,hd_drv:0x00,wp_drv:0x00
mode:DIO, clock div:2
load:0x3fff0030,len:6276
load:0x40078000,len:15748
load:0x40080400,len:4
ho 8 tail 4 room 4
load:0x40080404,len:3860
entry 0x4008063c
[0;32mI (31) boot: ESP-IDF v5.4.1-dirty 2nd stage bootloader[0m
[0;32mI (31) boot: compile time Aug  6 2025 12:43:09[0m
[0;32mI (31) boot: Multicore bootloader[0m
[0;32mI (33) boot: chip revision: v3.1[0m
[0;32mI (36) boot.esp32: SPI Speed      : 40MHz[0m
[0;32mI (39) boot.esp32: SPI Mode       : DIO[0m
[0;32mI (43) boot.esp32: SPI Flash Size : 4MB[0m
[0;32mI (47) boot: Enabling RNG early entropy source...[0m
[0;32mI (51) boot: Partition Table:[0m
[0;32mI (54) boot: ## Label            Usage          Type ST Offset   Length[0m
[0;32mI (60) boot:  0 nvs              WiFi data        01 02 00009000 00006000[0m
[0;32mI (67) boot:  1 phy_init         RF data          01 01 0000f000 00001000[0m
[0;32mI (73) boot:  2 factory          factory app      00 00 00010000 00100000[0m
[0;32mI (80) boot: End of partition table[0m
[0;32mI (83) esp_image: segment 0: paddr=00010020 vaddr=3f400020 size=0b604h ( 46596) map[0m
[0;32mI (106) esp_image: segment 1: paddr=0001b62c vaddr=3ff80000 size=0001ch (    28) load[0m
[0;32mI (107) esp_image: segment 2: paddr=0001b650 vaddr=3ffb0000 size=02438h (  9272) load[0m
[0;32mI (114) esp_image: segment 3: paddr=0001da90 vaddr=40080000 size=02588h (  9608) load[0m
[0;32mI (121) esp_image: segment 4: paddr=00020020 vaddr=400d0020 size=16ac0h ( 92864) map[0m
[0;32mI (157) esp_image: segment 5: paddr=00036ae8 vaddr=40082588 size=0c004h ( 49156) load[0m
[0;32mI (183) boot: Loaded app from partition at offset 0x10000[0m
[0;32mI (183) boot: Disabling RNG early entropy source...[0m
[0;32mI (194) cpu_start: Multicore app[0m
[0;32mI (202) cpu_start: Pro cpu start user code[0m
[0;32mI (202) cpu_start: cpu freq: 160000000 Hz[0m
[0;32mI (202) app_init: Application information:[0m
[0;32mI (202) app_init: Project name:     DriverESP32[0m
[0;32mI (206) app_init: App version:      ce11069-dirty[0m
[0;32mI (211) app_init: Compile time:     Aug 12 2025 14:42:37[0m
[0;32mI (216) app_init: ELF file SHA256:  81d3d6170...[0m
[0;32mI (220) app_init: ESP-IDF:          v5.4.1-dirty[0m
[0;32mI (224) efuse_init: Min chip rev:     v0.0[0m
[0;32mI (228) efuse_init: Max chip rev:     v3.99 [0m
[0;32mI (232) efuse_init: Chip rev:         v3.1[0m
[0;32mI (236) heap_init: Initializing. RAM available for dynamic allocation:[0m
[0;32mI (243) heap_init: At 3FFAE6E0 len 00001920 (6 KiB): DRAM[0m
[0;32mI (248) heap_init: At 3FFB2D28 len 0002D2D8 (180 KiB): DRAM[0m
[0;32mI (253) heap_init: At 3FFE0440 len 00003AE0 (14 KiB): D/IRAM[0m
[0;32mI (258) heap_init: At 3FFE4350 len 0001BCB0 (111 KiB): D/IRAM[0m
[0;32mI (264) heap_init: At 4008E58C len 00011A74 (70 KiB): IRAM[0m
[0;32mI (270) spi_flash: detected chip: generic[0m
[0;32mI (273) spi_flash: flash io: dio[0m
[0;32mI (276) main_task: Started on CPU0[0m
[0;32mI (286) main_task: Calling app_main()[0m
[0;32mI (286) SPI: SPI bus initialized[0m
[0;32mI (286) SPI: SPI device added[0m
[0;32mI (286) gpio: GPIO[25]| InputEn: 0| OutputEn: 1| OpenDrain: 0| Pullup: 1| Pulldown: 0| Intr:0 [0m
[0;32mI (296) gpio: GPIO[26]| InputEn: 0| OutputEn: 1| OpenDrain: 0| Pullup: 0| Pulldown: 0| Intr:0 [0m
[1;31mE (1296) spi_master: check_trans_valid(1055): rx length > tx length in full duplex mode[0m
ESP_ERROR_CHECK failed: esp_err_t 0x102 (ESP_ERR_INVALID_ARG) at 0x400d6ced
file: "./main/SPIpro.c" line 74
func: spi_sent_receive
expression: ret

abort() was called at PC 0x400866e7 on core 0


Backtrace: 0x400819b9:0x3ffb3e30 0x400866f1:0x3ffb3e50 0x4008ce8d:0x3ffb3e70 0x400866e7:0x3ffb3ee0 0x400d6ced:0x3ffb3f10 0x400d6da3:0x3ffb3f60 0x400d6d48:0x3ffb3f80 0x400d6bcb:0x3ffb3fa0 0x400d6bb4:0x3ffb3fc0 0x400e6388:0x3ffb4020 0x400870ad:0x3ffb4050




ELF file SHA256: 81d3d6170

Rebooting...
ets Jul 29 2019 12:21:46

rst:0xc (SW_CPU_RESET),boot:0x17 (SPI_FAST_FLASH_BOOT)
configsip: 0, SPIWP:0xee
clk_drv:0x00,q_drv:0x00,d_drv:0x00,cs0_drv:0x00,hd_drv:0x00,wp_drv:0x00
mode:DIO, clock div:2
load:0x3fff0030,len:6276
load:0x40078000,len:15748
load:0x40080400,len:4
ho 8 tail 4 room 4
load:0x40080404,len:3860
entry 0x4008063c
[0;32mI (31) boot: ESP-IDF v5.4.1-dirty 2nd stage bootloader[0m
[0;32mI (31) boot: compile time Aug  6 2025 12:43:09[0m
[0;32mI (31) boot: Multicore bootloader[0m
[0;32mI (33) boot: chip revision: v3.1[0m
[0;32mI (36) boot.esp32: SPI Speed      : 40MHz[0m
[0;32mI (39) boot.esp32: SPI Mode       : DIO[0m
[0;32mI (43) boot.esp32: SPI Flash Size : 4MB[0m
[0;32mI (47) boot: Enabling RNG early entropy source...[0m
[0;32mI (51) boot: Partition Table:[0m
[0;32mI (54) boot: ## Label            Usage          Type ST Offset   Length[0m
[0;32mI (60) boot:  0 nvs              WiFi data        01 02 00009000 00006000[0m
[0;32mI (67) boot:  1 phy_init         RF data          01 01 0000f000 00001000[0m
[0;32mI (73) boot:  2 factory          factory app      00 00 00010000 00100000[0m
[0;32mI (80) boot: End of partition table[0m
[0;32mI (83) esp_image: segment 0: paddr=00010020 vaddr=3f400020 size=0b604h ( 46596) map[0m
[0;32mI (106) esp_image: segment 1: paddr=0001b62c vaddr=3ff80000 size=0001ch (    28) load[0m
[0;32mI (107) esp_image: segment 2: paddr=0001b650 vaddr=3ffb0000 size=02438h (  9272) load[0m
[0;32mI (114) esp_image: segment 3: paddr=0001da90 vaddr=40080000 size=02588h (  9608) load[0m
[0;32mI (121) esp_image: segment 4: paddr=00020020 vaddr=400d0020 size=16ac0h ( 92864) map[0m
[0;32mI (157) esp_image: segment 5: paddr=00036ae8 vaddr=40082588 size=0c004h ( 49156) load[0m
[0;32mI (183) boot: Loaded app from partition at offset 0x10000[0m
[0;32mI (183) boot: Disabling RNG early entropy source...[0m
[0;32mI (194) cpu_start: Multicore app[0m
[0;32mI (202) cpu_start: Pro cpu start user code[0m
[0;32mI (202) cpu_start: cpu freq: 160000000 Hz[0m
[0;32mI (202) app_init: Application information:[0m
[0;32mI (202) app_init: Project name:     DriverESP32[0m
[0;32mI (206) app_init: App version:      ce11069-dirty[0m
[0;32mI (211) app_init: Compile time:     Aug 12 2025 14:42:37[0m
[0;32mI (216) app_init: ELF file SHA256:  81d3d6170...[0m
[0;32mI (220) app_init: ESP-IDF:          v5.4.1-dirty[0m
[0;32mI (224) efuse_init: Min chip rev:     v0.0[0m
[0;32mI (228) efuse_init: Max chip rev:     v3.99 [0m
[0;32mI (232) efuse_init: Chip rev:         v3.1[0m
[0;32mI (236) heap_init: Initializing. RAM available for dynamic allocation:[0m
[0;32mI (243) heap_init: At 3FFAE6E0 len 00001920 (6 KiB): DRAM[0m
[0;32mI (248) heap_init: At 3FFB2D28 len 0002D2D8 (180 KiB): DRAM[0m
[0;32mI (253) heap_init: At 3FFE0440 len 00003AE0 (14 KiB): D/IRAM[0m
[0;32mI (258) heap_init: At 3FFE4350 len 0001BCB0 (111 KiB): D/IRAM[0m
[0;32mI (264) heap_init: At 4008E58C len 00011A74 (70 KiB): IRAM[0m
[0;32mI (270) spi_flash: detected chip: generic[0m
[0;32mI (273) spi_flash: flash io: dio[0m
[0;32mI (276) main_task: Started on CPU0[0m
[0;32mI (286) main_task: Calling app_main()[0m
[0;32mI (286) SPI: SPI bus initialized[0m
[0;32mI (286) SPI: SPI device added[0m
[0;32mI (286) gpio: GPIO[25]| InputEn: 0| OutputEn: 1| OpenDrain: 0| Pullup: 1| Pulldown: 0| Intr:0 [0m
[0;32mI (296) gpio: GPIO[26]| InputEn: 0| OutputEn: 1| OpenDrain: 0| Pullup: 0| Pulldown: 0| Intr:0 [0m
[1;31mE (1296) spi_master: check_trans_valid(1055): rx length > tx length in full duplex mode[0m
ESP_ERROR_CHECK failed: esp_err_t 0x102 (ESP_ERR_INVALID_ARG) at 0x400d6ced
file: "./main/SPIpro.c" line 74
func: spi_sent_receive
expression: ret

abort() was called at PC 0x400866e7 on core 0


Backtrace: 0x400819b9:0x3ffb3e30 0x400866f1:0x3ffb3e50 0x4008ce8d:0x3ffb3e70 0x400866e7:0x3ffb3ee0 0x400d6ced:0x3ffb3f10 0x400d6da3:0x3ffb3f60 0x400d6d48:0x3ffb3f80 0x400d6bcb:0x3ffb3fa0 0x400d6bb4:0x3ffb3fc0 0x400e6388:0x3ffb4020 0x400870ad:0x3ffb4050




ELF file SHA256: 81d3d6170

Rebooting...
ets Jul 29 2019 12:21:46

rst:0xc (SW_CPU_RESET),boot:0x17 (SPI_FAST_FLASH_BOOT)
configsip: 0, SPIWP:0xee
clk_drv:0x00,q_drv:0x00,d_drv:0x00,cs0_drv:0x00,hd_drv:0x00,wp_drv:0x00
mode:DIO, clock div:2
load:0x3fff0030,len:6276
load:0x40078000,len:15748
load:0x40080400,len:4
ho 8 tail 4 room 4
load:0x40080404,len:3860
entry 0x4008063c
[0;32mI (31) boot: ESP-IDF v5.4.1-dirty 2nd stage bootloader[0m
[0;32mI (31) boot: compile time Aug  6 2025 12:43:09[0m
[0;32mI (31) boot: Multicore bootloader[0m
[0;32mI (33) boot: chip revision: v3.1[0m
[0;32mI (36) boot.esp32: SPI Speed      : 40MHz[0m
[0;32mI (39) boot.esp32: SPI Mode       : DIO[0m
[0;32mI (43) boot.esp32: SPI Flash Size : 4MB[0m
[0;32mI (47) boot: Enabling RNG early entropy source...[0m
[0;32mI (51) boot: Partition Table:[0m
[0;32mI (54) boot: ## Label            Usage          Type ST Offset   Length[0m
[0;32mI (60) boot:  0 nvs              WiFi data        01 02 00009000 00006000[0m
[0;32mI (67) boot:  1 phy_init         RF data          01 01 0000f000 00001000[0m
[0;32mI (73) boot:  2 factory          factory app      00 00 00010000 00100000[0m
[0;32mI (80) boot: End of partition table[0m
[0;32mI (83) esp_image: segment 0: paddr=00010020 vaddr=3f400020 size=0b604h ( 46596) map[0m
[0;32mI (106) esp_image: segment 1: paddr=0001b62c vaddr=3ff80000 size=0001ch (    28) load[0m
[0;32mI (107) esp_image: segment 2: paddr=0001b650 vaddr=3ffb0000 size=02438h (  9272) load[0m
[0;32mI (114) esp_image: segment 3: paddr=0001da90 vaddr=40080000 size=02588h (  9608) load[0m
[0;32mI (121) esp_image: segment 4: paddr=00020020 vaddr=400d0020 size=16ac0h ( 92864) map[0m
[0;32mI (157) esp_image: segment 5: paddr=00036ae8 vaddr=40082588 size=0c004h ( 49156) load[0m
[0;32mI (183) boot: Loaded app from partition at offset 0x10000[0m
[0;32mI (183) boot: Disabling RNG early entropy source...[0m
[0;32mI (194) cpu_start: Multicore app[0m
[0;32mI (202) cpu_start: Pro cpu start user code[0m
[0;32mI (202) cpu_start: cpu freq: 160000000 Hz[0m
[0;32mI (202) app_init: Application information:[0m
[0;32mI (202) app_init: Project name:     DriverESP32[0m
[0;32mI (206) app_init: App version:      ce11069-dirty[0m
[0;32mI (211) app_init: Compile time:     Aug 12 2025 14:42:37[0m
[0;32mI (216) app_init: ELF file SHA256:  81d3d6170...[0m
[0;32mI (220) app_init: ESP-IDF:          v5.4.1-dirty[0m
[0;32mI (224) efuse_init: Min chip rev:     v0.0[0m
[0;32mI (228) efuse_init: Max chip rev:     v3.99 [0m
[0;32mI (232) efuse_init: Chip rev:         v3.1[0m
[0;32mI (236) heap_init: Initializing. RAM available for dynamic allocation:[0m
[0;32mI (243) heap_init: At 3FFAE6E0 len 00001920 (6 KiB): DRAM[0m
[0;32mI (248) heap_init: At 3FFB2D28 len 0002D2D8 (180 KiB): DRAM[0m
[0;32mI (253) heap_init: At 3FFE0440 len 00003AE0 (14 KiB): D/IRAM[0m
[0;32mI (258) heap_init: At 3FFE4350 len 0001BCB0 (111 KiB): D/IRAM[0m
[0;32mI (264) heap_init: At 4008E58C len 00011A74 (70 KiB): IRAM[0m
[0;32mI (270) spi_flash: detected chip: generic[0m
[0;32mI (273) spi_flash: flash io: dio[0m
[0;32mI (276) main_task: Started on CPU0[0m
[0;32mI (286) main_task: Calling app_main()[0m
[0;32mI (286) SPI: SPI bus initialized[0m
[0;32mI (286) SPI: SPI device added[0m
[0;32mI (286) gpio: GPIO[25]| InputEn: 0| OutputEn: 1| OpenDrain: 0| Pullup: 1| Pulldown: 0| Intr:0 [0m
[0;32mI (296) gpio: GPIO[26]| InputEn: 0| OutputEn: 1| OpenDrain: 0| Pullup: 0| Pulldown: 0| Intr:0 [0m
[1;31mE (1296) spi_master: check_trans_valid(1055): rx length > tx length in full duplex mode[0m
ESP_ERROR_CHECK failed: esp_err_t 0x102 (ESP_ERR_INVALID_ARG) at 0x400d6ced
file: "./main/SPIpro.c" line 74
func: spi_sent_receive
expression: ret

abort() was called at PC 0x400866e7 on core 0


Backtrace: 0x400819b9:0x3ffb3e30 0x400866f1:0x3ffb3e50 0x4008ce8d:0x3ffb3e70 0x400866e7:0x3ffb3ee0 0x400d6ced:0x3ffb3f10 0x400d6da3:0x3ffb3f60 0x400d6d48:0x3ffb3f80 0x400d6bcb:0x3ffb3fa0 0x400d6bb4:0x3ffb3fc0 0x400e6388:0x3ffb4020 0x400870ad:0x3ffb4050




ELF file SHA256: 81d3d6170

Rebooting...
ets Jul 29 2019 12:21:46

rst:0xc (SW_CPU_RESET),boot:0x17 (SPI_FAST_FLASH_BOOT)
configsip: 0, SPIWP:0xee
clk_drv:0x00,q_drv:0x00,d_drv:0x00,cs0_drv:0x00,hd_drv:0x00,wp_drv:0x00
mode:DIO, clock div:2
load:0x3fff0030,len:6276
load:0x40078000,len:15748
load:0x40080400,len:4
ho 8 tail 4 room 4
load:0x40080404,len:3860
entry 0x4008063c
[0;32mI (31) boot: ESP-IDF v5.4.1-dirty 2nd stage bootloader[0m
[0;32mI (31) boot: compile time Aug  6 2025 12:43:09[0m
[0;32mI (31) boot: Multicore bootloader[0m
[0;32mI (33) boot: chip revision: v3.1[0m
[0;32mI (36) boot.esp32: SPI Speed      : 40MHz[0m
[0;32mI (39) boot.esp32: SPI Mode       : DIO[0m
[0;32mI (43) boot.esp32: SPI Flash Size : 4MB[0m
[0;32mI (47) boot: Enabling RNG early entropy source...[0m
[0;32mI (51) boot: Partition Table:[0m
[0;32mI (54) boot: ## Label            Usage          Type ST Offset   Length[0m
[0;32mI (60) boot:  0 nvs              WiFi data        01 02 00009000 00006000[0m
[0;32mI (67) boot:  1 phy_init         RF data          01 01 0000f000 00001000[0m
[0;32mI (73) boot:  2 factory          factory app      00 00 00010000 00100000[0m
[0;32mI (80) boot: End of partition table[0m
[0;32mI (83) esp_image: segment 0: paddr=00010020 vaddr=3f400020 size=0b604h ( 46596) map[0m
[0;32mI (106) esp_image: segment 1: paddr=0001b62c vaddr=3ff80000 size=0001ch (    28) load[0m
[0;32mI (107) esp_image: segment 2: paddr=0001b650 vaddr=3ffb0000 size=02438h (  9272) load[0m
[0;32mI (114) esp_image: segment 3: paddr=0001da90 vaddr=40080000 size=02588h (  9608) load[0m
[0;32mI (121) esp_image: segment 4: paddr=00020020 vaddr=400d0020 size=16ac0h ( 92864) map[0m
[0;32mI (157) esp_image: segment 5: paddr=00036ae8 vaddr=40082588 size=0c004h ( 49156) load[0m
[0;32mI (183) boot: Loaded app from partition at offset 0x10000[0m
[0;32mI (183) boot: Disabling RNG early entropy source...[0m
[0;32mI (194) cpu_start: Multicore app[0m
[0;32mI (202) cpu_start: Pro cpu start user code[0m
[0;32mI (202) cpu_start: cpu freq: 160000000 Hz[0m
[0;32mI (202) app_init: Application information:[0m
[0;32mI (202) app_init: Project name:     DriverESP32[0m
[0;32mI (206) app_init: App version:      ce11069-dirty[0m
[0;32mI (211) app_init: Compile time:     Aug 12 2025 14:42:37[0m
[0;32mI (216) app_init: ELF file SHA256:  81d3d6170...[0m
[0;32mI (220) app_init: ESP-IDF:          v5.4.1-dirty[0m
[0;32mI (224) efuse_init: Min chip rev:     v0.0[0m
[0;32mI (228) efuse_init: Max chip rev:     v3.99 [0m
[0;32mI (232) efuse_init: Chip rev:         v3.1[0m
[0;32mI (236) heap_init: Initializing. RAM available for dynamic allocation:[0m
[0;32mI (243) heap_init: At 3FFAE6E0 len 00001920 (6 KiB): DRAM[0m
[0;32mI (248) heap_init: At 3FFB2D28 len 0002D2D8 (180 KiB): DRAM[0m
[0;32mI (253) heap_init: At 3FFE0440 len 00003AE0 (14 KiB): D/IRAM[0m
[0;32mI (258) heap_init: At 3FFE4350 len 0001BCB0 (111 KiB): D/IRAM[0m
[0;32mI (264) heap_init: At 4008E58C len 00011A74 (70 KiB): IRAM[0m
[0;32mI (270) spi_flash: detected chip: generic[0m
[0;32mI (273) spi_flash: flash io: dio[0m
[0;32mI (276) main_task: Started on CPU0[0m
[0;32mI (286) main_task: Calling app_main()[0m
[0;32mI (286) SPI: SPI bus initialized[0m
[0;32mI (286) SPI: SPI device added[0m
[0;32mI (286) gpio: GPIO[25]| InputEn: 0| OutputEn: 1| OpenDrain: 0| Pullup: 1| Pulldown: 0| Intr:0 [0m
[0;32mI (296) gpio: GPIO[26]| InputEn: 0| OutputEn: 1| OpenDrain: 0| Pullup: 0| Pulldown: 0| Intr:0 [0m
[1;31mE (1296) spi_master: check_trans_valid(1055): rx length > tx length in full duplex mode[0m
ESP_ERROR_CHECK failed: esp_err_t 0x102 (ESP_ERR_INVALID_ARG) at 0x400d6ced
file: "./main/SPIpro.c" line 74
func: spi_sent_receive
expression: ret

abort() was called at PC 0x400866e7 on core 0


Backtrace: 0x400819b9:0x3ffb3e30 0x400866f1:0x3ffb3e50 0x4008ce8d:0x3ffb3e70 0x400866e7:0x3ffb3ee0 0x400d6ced:0x3ffb3f10 0x400d6da3:0x3ffb3f60 0x400d6d48:0x3ffb3f80 0x400d6bcb:0x3ffb3fa0 0x400d6bb4:0x3ffb3fc0 0x400e6388:0x3ffb4020 0x400870ad:0x3ffb4050




ELF file SHA256: 81d3d6170

Rebooting...
ets Jul 29 2019 12:21:46

rst:0xc (SW_CPU_RESET),boot:0x17 (SPI_FAST_FLASH_BOOT)
configsip: 0, SPIWP:0xee
clk_drv:0x00,q_drv:0x00,d_drv:0x00,cs0_drv:0x00,hd_drv:0x00,wp_drv:0x00
mode:DIO, clock div:2
load:0x3fff0030,len:6276
load:0x40078000,len:15748
load:0x40080400,len:4
ho 8 tail 4 room 4
load:0x40080404,len:3860
entry 0x4008063c
[0;32mI (31) boot: ESP-IDF v5.4.1-dirty 2nd stage bootloader[0m
[0;32mI (31) boot: compile time Aug  6 2025 12:43:09[0m
[0;32mI (31) boot: Multicore bootloader[0m
[0;32mI (33) boot: chip revision: v3.1[0m
[0;32mI (36) boot.esp32: SPI Speed      : 40MHz[0m
[0;32mI (39) boot.esp32: SPI Mode       : DIO[0m
[0;32mI (43) boot.esp32: SPI Flash Size : 4MB[0m
[0;32mI (47) boot: Enabling RNG early entropy source...[0m
[0;32mI (51) boot: Partition Table:[0m
[0;32mI (54) boot: ## Label            Usage          Type ST Offset   Length[0m
[0;32mI (60) boot:  0 nvs              WiFi data        01 02 00009000 00006000[0m
[0;32mI (67) boot:  1 phy_init         RF data          01 01 0000f000 00001000[0m
[0;32mI (73) boot:  2 factory          factory app      00 00 00010000 00100000[0m
[0;32mI (80) boot: End of partition table[0m
[0;32mI (83) esp_image: segment 0: paddr=00010020 vaddr=3f400020 size=0b604h ( 46596) map[0m
[0;32mI (106) esp_image: segment 1: paddr=0001b62c vaddr=3ff80000 size=0001ch (    28) load[0m
[0;32mI (107) esp_image: segment 2: paddr=0001b650 vaddr=3ffb0000 size=02438h (  9272) load[0m
[0;32mI (114) esp_image: segment 3: paddr=0001da90 vaddr=40080000 size=02588h (  9608) load[0m
[0;32mI (121) esp_image: segment 4: paddr=00020020 vaddr=400d0020 size=16ac0h ( 92864) map[0m
[0;32mI (157) esp_image: segment 5: paddr=00036ae8 vaddr=40082588 size=0c004h ( 49156) load[0m
[0;32mI (183) boot: Loaded app from partition at offset 0x10000[0m
[0;32mI (183) boot: Disabling RNG early entropy source...[0m
[0;32mI (194) cpu_start: Multicore app[0m
[0;32mI (202) cpu_start: Pro cpu start user code[0m
[0;32mI (202) cpu_start: cpu freq: 160000000 Hz[0m
[0;32mI (202) app_init: Application information:[0m
[0;32mI (202) app_init: Project name:     DriverESP32[0m
[0;32mI (206) app_init: App version:      ce11069-dirty[0m
[0;32mI (211) app_init: Compile time:     Aug 12 2025 14:42:37[0m
[0;32mI (216) app_init: ELF file SHA256:  81d3d6170...[0m
[0;32mI (220) app_init: ESP-IDF:          v5.4.1-dirty[0m
[0;32mI (224) efuse_init: Min chip rev:     v0.0[0m
[0;32mI (228) efuse_init: Max chip rev:     v3.99 [0m
[0;32mI (232) efuse_init: Chip rev:         v3.1[0m
[0;32mI (236) heap_init: Initializing. RAM available for dynamic allocation:[0m
[0;32mI (243) heap_init: At 3FFAE6E0 len 00001920 (6 KiB): DRAM[0m
[0;32mI (248) heap_init: At 3FFB2D28 len 0002D2D8 (180 KiB): DRAM[0m
[0;32mI (253) heap_init: At 3FFE0440 len 00003AE0 (14 KiB): D/IRAM[0m
[0;32mI (258) heap_init: At 3FFE4350 len 0001BCB0 (111 KiB): D/IRAM[0m
[0;32mI (264) heap_init: At 4008E58C len 00011A74 (70 KiB): IRAM[0m
[0;32mI (270) spi_flash: detected chip: generic[0m
[0;32mI (273) spi_flash: flash io: dio[0m
[0;32mI (276) main_task: Started on CPU0[0m
[0;32mI (286) main_task: Calling app_main()[0m
[0;32mI (286) SPI: SPI bus initialized[0m
[0;32mI (286) SPI: SPI device added[0m
[0;32mI (286) gpio: GPIO[25]| InputEn: 0| OutputEn: 1| OpenDrain: 0| Pullup: 1| Pulldown: 0| Intr:0 [0m
[0;32mI (296) gpio: GPIO[26]| InputEn: 0| OutputEn: 1| OpenDrain: 0| Pullup: 0| Pulldown: 0| Intr:0 [0m
[1;31mE (1296) spi_master: check_trans_valid(1055): rx length > tx length in full duplex mode[0m
ESP_ERROR_CHECK failed: esp_err_t 0x102 (ESP_ERR_INVALID_ARG) at 0x400d6ced
file: "./main/SPIpro.c" line 74
func: spi_sent_receive
expression: ret

abort() was called at PC 0x400866e7 on core 0


Backtrace: 0x400819b9:0x3ffb3e30 0x400866f1:0x3ffb3e50 0x4008ce8d:0x3ffb3e70 0x400866e7:0x3ffb3ee0 0x400d6ced:0x3ffb3f10 0x400d6da3:0x3ffb3f60 0x400d6d48:0x3ffb3f80 0x400d6bcb:0x3ffb3fa0 0x400d6bb4:0x3ffb3fc0 0x400e6388:0x3ffb4020 0x400870ad:0x3ffb4050




ELF file SHA256: 81d3d6170

Rebooting...
ets Jul 29 2019 12:21:46

rst:0xc (SW_CPU_RESET),boot:0x17 (SPI_FAST_FLASH_BOOT)
configsip: 0, SPIWP:0xee
clk_drv:0x00,q_drv:0x00,d_drv:0x00,cs0_drv:0x00,hd_drv:0x00,wp_drv:0x00
mode:DIO, clock div:2
load:0x3fff0030,len:6276
load:0x40078000,len:15748
load:0x40080400,len:4
ho 8 tail 4 room 4
load:0x40080404,len:3860
entry 0x4008063c
[0;32mI (31) boot: ESP-IDF v5.4.1-dirty 2nd stage bootloader[0m
[0;32mI (31) boot: compile time Aug  6 2025 12:43:09[0m
[0;32mI (31) boot: Multicore bootloader[0m
[0;32mI (33) boot: chip revision: v3.1[0m
[0;32mI (36) boot.esp32: SPI Speed      : 40MHz[0m
[0;32mI (39) boot.esp32: SPI Mode       : DIO[0m
[0;32mI (43) boot.esp32: SPI Flash Size : 4MB[0m
[0;32mI (47) boot: Enabling RNG early entropy source...[0m
[0;32mI (51) boot: Partition Table:[0m
[0;32mI (54) boot: ## Label            Usage          Type ST Offset   Length[0m
[0;32mI (60) boot:  0 nvs              WiFi data        01 02 00009000 00006000[0m
[0;32mI (67) boot:  1 phy_init         RF data          01 01 0000f000 00001000[0m
[0;32mI (73) boot:  2 factory          factory app      00 00 00010000 00100000[0m
[0;32mI (80) boot: End of partition table[0m
[0;32mI (83) esp_image: segment 0: paddr=00010020 vaddr=3f400020 size=0b604h ( 46596) map[0m
[0;32mI (106) esp_image: segment 1: paddr=0001b62c vaddr=3ff80000 size=0001ch (    28) load[0m
[0;32mI (107) esp_image: segment 2: paddr=0001b650 vaddr=3ffb0000 size=02438h (  9272) load[0m
[0;32mI (114) esp_image: segment 3: paddr=0001da90 vaddr=40080000 size=02588h (  9608) load[0m
[0;32mI (121) esp_image: segment 4: paddr=00020020 vaddr=400d0020 size=16ac0h ( 92864) map[0m
[0;32mI (157) esp_image: segment 5: paddr=00036ae8 vaddr=40082588 size=0c004h ( 49156) load[0m
[0;32mI (183) boot: Loaded app from partition at offset 0x10000[0m
[0;32mI (183) boot: Disabling RNG early entropy source...[0m
[0;32mI (194) cpu_start: Multicore app[0m
[0;32mI (202) cpu_start: Pro cpu start user code[0m
[0;32mI (202) cpu_start: cpu freq: 160000000 Hz[0m
[0;32mI (202) app_init: Application information:[0m
[0;32mI (202) app_init: Project name:     DriverESP32[0m
[0;32mI (206) app_init: App version:      ce11069-dirty[0m
[0;32mI (211) app_init: Compile time:     Aug 12 2025 14:42:37[0m
[0;32mI (216) app_init: ELF file SHA256:  81d3d6170...[0m
[0;32mI (220) app_init: ESP-IDF:          v5.4.1-dirty[0m
[0;32mI (224) efuse_init: Min chip rev:     v0.0[0m
[0;32mI (228) efuse_init: Max chip rev:     v3.99 [0m
[0;32mI (232) efuse_init: Chip rev:         v3.1[0m
[0;32mI (236) heap_init: Initializing. RAM available for dynamic allocation:[0m
[0;32mI (243) heap_init: At 3FFAE6E0 len 00001920 (6 KiB): DRAM[0m
[0;32mI (248) heap_init: At 3FFB2D28 len 0002D2D8 (180 KiB): DRAM[0m
[0;32mI (253) heap_init: At 3FFE0440 len 00003AE0 (14 KiB): D/IRAM[0m
[0;32mI (258) heap_init: At 3FFE4350 len 0001BCB0 (111 KiB): D/IRAM[0m
[0;32mI (264) heap_init: At 4008E58C len 00011A74 (70 KiB): IRAM[0m
[0;32mI (270) spi_flash: detected chip: generic[0m
[0;32mI (273) spi_flash: flash io: dio[0m
[0;32mI (276) main_task: Started on CPU0[0m
[0;32mI (286) main_task: Calling app_main()[0m
[0;32mI (286) SPI: SPI bus initialized[0m
[0;32mI (286) SPI: SPI device added[0m
[0;32mI (286) gpio: GPIO[25]| InputEn: 0| OutputEn: 1| OpenDrain: 0| Pullup: 1| Pulldown: 0| Intr:0 [0m
[0;32mI (296) gpio: GPIO[26]| InputEn: 0| OutputEn: 1| OpenDrain: 0| Pullup: 0| Pulldown: 0| Intr:0 [0m
[1;31mE (1296) spi_master: check_trans_valid(1055): rx length > tx length in full duplex mode[0m
ESP_ERROR_CHECK failed: esp_err_t 0x102 (ESP_ERR_INVALID_ARG) at 0x400d6ced
file: "./main/SPIpro.c" line 74
func: spi_sent_receive
expression: ret

abort() was called at PC 0x400866e7 on core 0


Backtrace: 0x400819b9:0x3ffb3e30 0x400866f1:0x3ffb3e50 0x4008ce8d:0x3ffb3e70 0x400866e7:0x3ffb3ee0 0x400d6ced:0x3ffb3f10 0x400d6da3:0x3ffb3f60 0x400d6d48:0x3ffb3f80 0x400d6bcb:0x3ffb3fa0 0x400d6bb4:0x3ffb3fc0 0x400e6388:0x3ffb4020 0x400870ad:0x3ffb4050




ELF file SHA256: 81d3d6170

Rebooting...
ets Jul 29 2019 12:21:46

rst:0xc (SW_CPU_RESET),boot:0x17 (SPI_FAST_FLASH_BOOT)
configsip: 0, SPIWP:0xee
clk_drv:0x00,q_drv:0x00,d_drv:0x00,cs0_drv:0x00,hd_drv:0x00,wp_drv:0x00
mode:DIO, clock div:2
load:0x3fff0030,len:6276
load:0x40078000,len:15748
load:0x40080400,len:4
ho 8 tail 4 room 4
load:0x40080404,len:3860
entry 0x4008063c
[0;32mI (31) boot: ESP-IDF v5.4.1-dirty 2nd stage bootloader[0m
[0;32mI (31) boot: compile time Aug  6 2025 12:43:09[0m
[0;32mI (31) boot: Multicore bootloader[0m
[0;32mI (33) boot: chip revision: v3.1[0m
[0;32mI (36) boot.esp32: SPI Speed      : 40MHz[0m
[0;32mI (39) boot.esp32: SPI Mode       : DIO[0m
[0;32mI (43) boot.esp32: SPI Flash Size : 4MB[0m
[0;32mI (47) boot: Enabling RNG early entropy source...[0m
[0;32mI (51) boot: Partition Table:[0m
[0;32mI (54) boot: ## Label            Usage          Type ST Offset   Length[0m
[0;32mI (60) boot:  0 nvs              WiFi data        01 02 00009000 00006000[0m
[0;32mI (67) boot:  1 phy_init         RF data          01 01 0000f000 00001000[0m
[0;32mI (73) boot:  2 factory          factory app      00 00 00010000 00100000[0m
[0;32mI (80) boot: End of partition table[0m
[0;32mI (83) esp_image: segment 0: paddr=00010020 vaddr=3f400020 size=0b604h ( 46596) map[0m
[0;32mI (106) esp_image: segment 1: paddr=0001b62c vaddr=3ff80000 size=0001ch (    28) load[0m
[0;32mI (107) esp_image: segment 2: paddr=0001b650 vaddr=3ffb0000 size=02438h (  9272) load[0m
[0;32mI (114) esp_image: segment 3: paddr=0001da90 vaddr=40080000 size=02588h (  9608) load[0m
[0;32mI (121) esp_image: segment 4: paddr=00020020 vaddr=400d0020 size=16ac0h ( 92864) map[0m
[0;32mI (157) esp_image: segment 5: paddr=00036ae8 vaddr=40082588 size=0c004h ( 49156) load[0m
[0;32mI (183) boot: Loaded app from partition at offset 0x10000[0m
[0;32mI (183) boot: Disabling RNG early entropy source...[0m
[0;32mI (194) cpu_start: Multicore app[0m
[0;32mI (202) cpu_start: Pro cpu start user code[0m
[0;32mI (202) cpu_start: cpu freq: 160000000 Hz[0m
[0;32mI (202) app_init: Application information:[0m
[0;32mI (202) app_init: Project name:     DriverESP32[0m
[0;32mI (206) app_init: App version:      ce11069-dirty[0m
[0;32mI (211) app_init: Compile time:     Aug 12 2025 14:42:37[0m
[0;32mI (216) app_init: ELF file SHA256:  81d3d6170...[0m
[0;32mI (220) app_init: ESP-IDF:          v5.4.1-dirty[0m
[0;32mI (224) efuse_init: Min chip rev:     v0.0[0m
[0;32mI (228) efuse_init: Max chip rev:     v3.99 [0m
[0;32mI (232) efuse_init: Chip rev:         v3.1[0m
[0;32mI (236) heap_init: Initializing. RAM available for dynamic allocation:[0m
[0;32mI (243) heap_init: At 3FFAE6E0 len 00001920 (6 KiB): DRAM[0m
[0;32mI (248) heap_init: At 3FFB2D28 len 0002D2D8 (180 KiB): DRAM[0m
[0;32mI (253) heap_init: At 3FFE0440 len 00003AE0 (14 KiB): D/IRAM[0m
[0;32mI (258) heap_init: At 3FFE4350 len 0001BCB0 (111 KiB): D/IRAM[0m
[0;32mI (264) heap_init: At 4008E58C len 00011A74 (70 KiB): IRAM[0m
[0;32mI (270) spi_flash: detected chip: generic[0m
[0;32mI (273) spi_flash: flash io: dio[0m
[0;32mI (276) main_task: Started on CPU0[0m
[0;32mI (286) main_task: Calling app_main()[0m
[0;32mI (286) SPI: SPI bus initialized[0m
[0;32mI (286) SPI: SPI device added[0m
[0;32mI (286) gpio: GPIO[25]| InputEn: 0| OutputEn: 1| OpenDrain: 0| Pullup: 1| Pulldown: 0| Intr:0 [0m
[0;32mI (296) gpio: GPIO[26]| InputEn: 0| OutputEn: 1| OpenDrain: 0| Pullup: 0| Pulldown: 0| Intr:0 [0m
[1;31mE (1296) spi_master: check_trans_valid(1055): rx length > tx length in full duplex mode[0m
ESP_ERROR_CHECK failed: esp_err_t 0x102 (ESP_ERR_INVALID_ARG) at 0x400d6ced
file: "./main/SPIpro.c" line 74
func: spi_sent_receive
expression: ret

abort() was called at PC 0x400866e7 on core 0


Backtrace: 0x400819b9:0x3ffb3e30 0x400866f1:0x3ffb3e50 0x4008ce8d:0x3ffb3e70 0x400866e7:0x3ffb3ee0 0x400d6ced:0x3ffb3f10 0x400d6da3:0x3ffb3f60 0x400d6d48:0x3ffb3f80 0x400d6bcb:0x3ffb3fa0 0x400d6bb4:0x3ffb3fc0 0x400e6388:0x3ffb4020 0x400870ad:0x3ffb4050




ELF file SHA256: 81d3d6170

Rebooting...
ets Jul 29 2019 12:21:46

rst:0xc (SW_CPU_RESET),boot:0x17 (SPI_FAST_FLASH_BOOT)
configsip: 0, SPIWP:0xee
clk_drv:0x00,q_drv:0x00,d_drv:0x00,cs0_drv:0x00,hd_drv:0x00,wp_drv:0x00
mode:DIO, clock div:2
load:0x3fff0030,len:6276
load:0x40078000,len:15748
load:0x40080400,len:4
ho 8 tail 4 room 4
load:0x40080404,len:3860
entry 0x4008063c
[0;32mI (31) boot: ESP-IDF v5.4.1-dirty 2nd stage bootloader[0m
[0;32mI (31) boot: compile time Aug  6 2025 12:43:09[0m
[0;32mI (31) boot: Multicore bootloader[0m
[0;32mI (33) boot: chip revision: v3.1[0m
[0;32mI (36) boot.esp32: SPI Speed      : 40MHz[0m
[0;32mI (39) boot.esp32: SPI Mode       : DIO[0m
[0;32mI (43) boot.esp32: SPI Flash Size : 4MB[0m
[0;32mI (47) boot: Enabling RNG early entropy source...[0m
[0;32mI (51) boot: Partition Table:[0m
[0;32mI (54) boot: ## Label            Usage          Type ST Offset   Length[0m
[0;32mI (60) boot:  0 nvs              WiFi data        01 02 00009000 00006000[0m
[0;32mI (67) boot:  1 phy_init         RF data          01 01 0000f000 00001000[0m
[0;32mI (73) boot:  2 factory          factory app      00 00 00010000 00100000[0m
[0;32mI (80) boot: End of partition table[0m
[0;32mI (83) esp_image: segment 0: paddr=00010020 vaddr=3f400020 size=0b604h ( 46596) map[0m
[0;32mI (106) esp_image: segment 1: paddr=0001b62c vaddr=3ff80000 size=0001ch (    28) load[0m
[0;32mI (107) esp_image: segment 2: paddr=0001b650 vaddr=3ffb0000 size=02438h (  9272) load[0m
[0;32mI (114) esp_image: segment 3: paddr=0001da90 vaddr=40080000 size=02588h (  9608) load[0m
[0;32mI (121) esp_image: segment 4: paddr=00020020 vaddr=400d0020 size=16ac0h ( 92864) map[0m
[0;32mI (157) esp_image: segment 5: paddr=00036ae8 vaddr=40082588 size=0c004h ( 49156) load[0m
[0;32mI (183) boot: Loaded app from partition at offset 0x10000[0m
[0;32mI (183) boot: Disabling RNG early entropy source...[0m
[0;32mI (194) cpu_start: Multicore app[0m
[0;32mI (202) cpu_start: Pro cpu start user code[0m
[0;32mI (202) cpu_start: cpu freq: 160000000 Hz[0m
[0;32mI (202) app_init: Application information:[0m
[0;32mI (202) app_init: Project name:     DriverESP32[0m
[0;32mI (206) app_init: App version:      ce11069-dirty[0m
[0;32mI (211) app_init: Compile time:     Aug 12 2025 14:42:37[0m
[0;32mI (216) app_init: ELF file SHA256:  81d3d6170...[0m
[0;32mI (220) app_init: ESP-IDF:          v5.4.1-dirty[0m
[0;32mI (224) efuse_init: Min chip rev:     v0.0[0m
[0;32mI (228) efuse_init: Max chip rev:     v3.99 [0m
[0;32mI (232) efuse_init: Chip rev:         v3.1[0m
[0;32mI (236) heap_init: Initializing. RAM available for dynamic allocation:[0m
[0;32mI (243) heap_init: At 3FFAE6E0 len 00001920 (6 KiB): DRAM[0m
[0;32mI (248) heap_init: At 3FFB2D28 len 0002D2D8 (180 KiB): DRAM[0m
[0;32mI (253) heap_init: At 3FFE0440 len 00003AE0 (14 KiB): D/IRAM[0m
[0;32mI (258) heap_init: At 3FFE4350 len 0001BCB0 (111 KiB): D/IRAM[0m
[0;32mI (264) heap_init: At 4008E58C len 00011A74 (70 KiB): IRAM[0m
[0;32mI (270) spi_flash: detected chip: generic[0m
[0;32mI (273) spi_flash: flash io: dio[0m
[0;32mI (276) main_task: Started on CPU0[0m
[0;32mI (286) main_task: Calling app_main()[0m
[0;32mI (286) SPI: SPI bus initialized[0m
[0;32mI (286) SPI: SPI device added[0m
[0;32mI (286) gpio: GPIO[25]| InputEn: 0| OutputEn: 1| OpenDrain: 0| Pullup: 1| Pulldown: 0| Intr:0 [0m
[0;32mI (296) gpio: GPIO[26]| InputEn: 0| OutputEn: 1| OpenDrain: 0| Pullup: 0| Pulldown: 0| Intr:0 [0m
[1;31mE (1296) spi_master: check_trans_valid(1055): rx length > tx length in full duplex mode[0m
ESP_ERROR_CHECK failed: esp_err_t 0x102 (ESP_ERR_INVALID_ARG) at 0x400d6ced
file: "./main/SPIpro.c" line 74
func: spi_sent_receive
expression: ret

abort() was called at PC 0x400866e7 on core 0


Backtrace: 0x400819b9:0x3ffb3e30 0x400866f1:0x3ffb3e50 0x4008ce8d:0x3ffb3e70 0x400866e7:0x3ffb3ee0 0x400d6ced:0x3ffb3f10 0x400d6da3:0x3ffb3f60 0x400d6d48:0x3ffb3f80 0x400d6bcb:0x3ffb3fa0 0x400d6bb4:0x3ffb3fc0 0x400e6388:0x3ffb4020 0x400870ad:0x3ffb4050




ELF file SHA256: 81d3d6170

Rebooting...
ets Jul 29 2019 12:21:46

rst:0xc (SW_CPU_RESET),boot:0x17 (SPI_FAST_FLASH_BOOT)
configsip: 0, SPIWP:0xee
clk_drv:0x00,q_drv:0x00,d_drv:0x00,cs0_drv:0x00,hd_drv:0x00,wp_drv:0x00
mode:DIO, clock div:2
load:0x3fff0030,len:6276
load:0x40078000,len:15748
load:0x40080400,len:4
ho 8 tail 4 room 4
load:0x40080404,len:3860
entry 0x4008063c
[0;32mI (31) boot: ESP-IDF v5.4.1-dirty 2nd stage bootloader[0m
[0;32mI (31) boot: compile time Aug  6 2025 12:43:09[0m
[0;32mI (31) boot: Multicore bootloader[0m
[0;32mI (33) boot: chip revision: v3.1[0m
[0;32mI (36) boot.esp32: SPI Speed      : 40MHz[0m
[0;32mI (39) boot.esp32: SPI Mode       : DIO[0m
[0;32mI (43) boot.esp32: SPI Flash Size : 4MB[0m
[0;32mI (47) boot: Enabling RNG early entropy source...[0m
[0;32mI (51) boot: Partition Table:[0m
[0;32mI (54) boot: ## Label            Usage          Type ST Offset   Length[0m
[0;32mI (60) boot:  0 nvs              WiFi data        01 02 00009000 00006000[0m
[0;32mI (67) boot:  1 phy_init         RF data          01 01 0000f000 00001000[0m
[0;32mI (73) boot:  2 factory          factory app      00 00 00010000 00100000[0m
[0;32mI (80) boot: End of partition table[0m
[0;32mI (83) esp_image: segment 0: paddr=00010020 vaddr=3f400020 size=0b604h ( 46596) map[0m
[0;32mI (106) esp_image: segment 1: paddr=0001b62c vaddr=3ff80000 size=0001ch (    28) load[0m
[0;32mI (107) esp_image: segment 2: paddr=0001b650 vaddr=3ffb0000 size=02438h (  9272) load[0m
[0;32mI (114) esp_image: segment 3: paddr=0001da90 vaddr=40080000 size=02588h (  9608) load[0m
[0;32mI (121) esp_image: segment 4: paddr=00020020 vaddr=400d0020 size=16ac0h ( 92864) map[0m
[0;32mI (157) esp_image: segment 5: paddr=00036ae8 vaddr=40082588 size=0c004h ( 49156) load[0m
[0;32mI (183) boot: Loaded app from partition at offset 0x10000[0m
[0;32mI (183) boot: Disabling RNG early entropy source...[0m
[0;32mI (194) cpu_start: Multicore app[0m
[0;32mI (202) cpu_start: Pro cpu start user code[0m
[0;32mI (202) cpu_start: cpu freq: 160000000 Hz[0m
[0;32mI (202) app_init: Application information:[0m
[0;32mI (202) app_init: Project name:     DriverESP32[0m
[0;32mI (206) app_init: App version:      ce11069-dirty[0m
[0;32mI (211) app_init: Compile time:     Aug 12 2025 14:42:37[0m
[0;32mI (216) app_init: ELF file SHA256:  81d3d6170...[0m
[0;32mI (220) app_init: ESP-IDF:          v5.4.1-dirty[0m
[0;32mI (224) efuse_init: Min chip rev:     v0.0[0m
[0;32mI (228) efuse_init: Max chip rev:     v3.99 [0m
[0;32mI (232) efuse_init: Chip rev:         v3.1[0m
[0;32mI (236) heap_init: Initializing. RAM available for dynamic allocation:[0m
[0;32mI (243) heap_init: At 3FFAE6E0 len 00001920 (6 KiB): DRAM[0m
[0;32mI (248) heap_init: At 3FFB2D28 len 0002D2D8 (180 KiB): DRAM[0m
[0;32mI (253) heap_init: At 3FFE0440 len 00003AE0 (14 KiB): D/IRAM[0m
[0;32mI (258) heap_init: At 3FFE4350 len 0001BCB0 (111 KiB): D/IRAM[0m
[0;32mI (264) heap_init: At 4008E58C len 00011A74 (70 KiB): IRAM[0m
[0;32mI (270) spi_flash: detected chip: generic[0m
[0;32mI (273) spi_flash: flash io: dio[0m
[0;32mI (276) main_task: Started on CPU0[0m
[0;32mI (286) main_task: Calling app_main()[0m
[0;32mI (286) SPI: SPI bus initialized[0m
[0;32mI (286) SPI: SPI device added[0m
[0;32mI (286) gpio: GPIO[25]| InputEn: 0| OutputEn: 1| OpenDrain: 0| Pullup: 1| Pulldown: 0| Intr:0 [0m
[0;32mI (296) gpio: GPIO[26]| InputEn: 0| OutputEn: 1| OpenDrain: 0| Pullup: 0| Pulldown: 0| Intr:0 [0m
[1;31mE (1296) spi_master: check_trans_valid(1055): rx length > tx length in full duplex mode[0m
ESP_ERROR_CHECK failed: esp_err_t 0x102 (ESP_ERR_INVALID_ARG) at 0x400d6ced
file: "./main/SPIpro.c" line 74
func: spi_sent_receive
expression: ret

abort() was called at PC 0x400866e7 on core 0


Backtrace: 0x400819b9:0x3ffb3e30 0x400866f1:0x3ffb3e50 0x4008ce8d:0x3ffb3e70 0x400866e7:0x3ffb3ee0 0x400d6ced:0x3ffb3f10 0x400d6da3:0x3ffb3f60 0x400d6d48:0x3ffb3f80 0x400d6bcb:0x3ffb3fa0 0x400d6bb4:0x3ffb3fc0 0x400e6388:0x3ffb4020 0x400870ad:0x3ffb4050




ELF file SHA256: 81d3d6170

Rebooting...
ets Jul 29 2019 12:21:46

rst:0xc (SW_CPU_RESET),boot:0x17 (SPI_FAST_FLASH_BOOT)
configsip: 0, SPIWP:0xee
clk_drv:0x00,q_drv:0x00,d_drv:0x00,cs0_drv:0x00,hd_drv:0x00,wp_drv:0x00
mode:DIO, clock div:2
load:0x3fff0030,len:6276
load:0x40078000,len:15748
load:0x40080400,len:4
ho 8 tail 4 room 4
load:0x40080404,len:3860
entry 0x4008063c
[0;32mI (31) boot: ESP-IDF v5.4.1-dirty 2nd stage bootloader[0m
[0;32mI (31) boot: compile time Aug  6 2025 12:43:09[0m
[0;32mI (31) boot: Multicore bootloader[0m
[0;32mI (33) boot: chip revision: v3.1[0m
[0;32mI (36) boot.esp32: SPI Speed      : 40MHz[0m
[0;32mI (39) boot.esp32: SPI Mode       : DIO[0m
[0;32mI (43) boot.esp32: SPI Flash Size : 4MB[0m
[0;32mI (47) boot: Enabling RNG early entropy source...[0m
[0;32mI (51) boot: Partition Table:[0m
[0;32mI (54) boot: ## Label            Usage          Type ST Offset   Length[0m
[0;32mI (60) boot:  0 nvs              WiFi data        01 02 00009000 00006000[0m
[0;32mI (67) boot:  1 phy_init         RF data          01 01 0000f000 00001000[0m
[0;32mI (73) boot:  2 factory          factory app      00 00 00010000 00100000[0m
[0;32mI (80) boot: End of partition table[0m
[0;32mI (83) esp_image: segment 0: paddr=00010020 vaddr=3f400020 size=0b604h ( 46596) map[0m
[0;32mI (106) esp_image: segment 1: paddr=0001b62c vaddr=3ff80000 size=0001ch (    28) load[0m
[0;32mI (107) esp_image: segment 2: paddr=0001b650 vaddr=3ffb0000 size=02438h (  9272) load[0m
[0;32mI (114) esp_image: segment 3: paddr=0001da90 vaddr=40080000 size=02588h (  9608) load[0m
[0;32mI (121) esp_image: segment 4: paddr=00020020 vaddr=400d0020 size=16ac0h ( 92864) map[0m
[0;32mI (157) esp_image: segment 5: paddr=00036ae8 vaddr=40082588 size=0c004h ( 49156) load[0m
[0;32mI (183) boot: Loaded app from partition at offset 0x10000[0m
[0;32mI (183) boot: Disabling RNG early entropy source...[0m
[0;32mI (194) cpu_start: Multicore app[0m
[0;32mI (202) cpu_start: Pro cpu start user code[0m
[0;32mI (202) cpu_start: cpu freq: 160000000 Hz[0m
[0;32mI (202) app_init: Application information:[0m
[0;32mI (202) app_init: Project name:     DriverESP32[0m
[0;32mI (206) app_init: App version:      ce11069-dirty[0m
[0;32mI (211) app_init: Compile time:     Aug 12 2025 14:42:37[0m
[0;32mI (216) app_init: ELF file SHA256:  81d3d6170...[0m
[0;32mI (220) app_init: ESP-IDF:          v5.4.1-dirty[0m
[0;32mI (224) efuse_init: Min chip rev:     v0.0[0m
[0;32mI (228) efuse_init: Max chip rev:     v3.99 [0m
[0;32mI (232) efuse_init: Chip rev:         v3.1[0m
[0;32mI (236) heap_init: Initializing. RAM available for dynamic allocation:[0m
[0;32mI (243) heap_init: At 3FFAE6E0 len 00001920 (6 KiB): DRAM[0m
[0;32mI (248) heap_init: At 3FFB2D28 len 0002D2D8 (180 KiB): DRAM[0m
[0;32mI (253) heap_init: At 3FFE0440 len 00003AE0 (14 KiB): D/IRAM[0m
[0;32mI (258) heap_init: At 3FFE4350 len 0001BCB0 (111 KiB): D/IRAM[0m
[0;32mI (264) heap_init: At 4008E58C len 00011A74 (70 KiB): IRAM[0m
[0;32mI (270) spi_flash: detected chip: generic[0m
[0;32mI (273) spi_flash: flash io: dio[0m
[0;32mI (276) main_task: Started on CPU0[0m
[0;32mI (286) main_task: Calling app_main()[0m
[0;32mI (286) SPI: SPI bus initialized[0m
[0;32mI (286) SPI: SPI device added[0m
[0;32mI (286) gpio: GPIO[25]| InputEn: 0| OutputEn: 1| OpenDrain: 0| Pullup: 1| Pulldown: 0| Intr:0 [0m
[0;32mI (296) gpio: GPIO[26]| InputEn: 0| OutputEn: 1| OpenDrain: 0| Pullup: 0| Pulldown: 0| Intr:0 [0m
[1;31mE (1296) spi_master: check_trans_valid(1055): rx length > tx length in full duplex mode[0m
ESP_ERROR_CHECK failed: esp_err_t 0x102 (ESP_ERR_INVALID_ARG) at 0x400d6ced
file: "./main/SPIpro.c" line 74
func: spi_sent_receive
expression: ret

abort() was called at PC 0x400866e7 on core 0


Backtrace: 0x400819b9:0x3ffb3e30 0x400866f1:0x3ffb3e50 0x4008ce8d:0x3ffb3e70 0x400866e7:0x3ffb3ee0 0x400d6ced:0x3ffb3f10 0x400d6da3:0x3ffb3f60 0x400d6d48:0x3ffb3f80 0x400d6bcb:0x3ffb3fa0 0x400d6bb4:0x3ffb3fc0 0x400e6388:0x3ffb4020 0x400870ad:0x3ffb4050




ELF file SHA256: 81d3d6170

Rebooting...
ets Jul 29 2019 12:21:46

rst:0xc (SW_CPU_RESET),boot:0x17 (SPI_FAST_FLASH_BOOT)
configsip: 0, SPIWP:0xee
clk_drv:0x00,q_drv:0x00,d_drv:0x00,cs0_drv:0x00,hd_drv:0x00,wp_drv:0x00
mode:DIO, clock div:2
load:0x3fff0030,len:6276
load:0x40078000,len:15748
load:0x40080400,len:4
ho 8 tail 4 room 4
load:0x40080404,len:3860
entry 0x4008063c
[0;32mI (31) boot: ESP-IDF v5.4.1-dirty 2nd stage bootloader[0m
[0;32mI (31) boot: compile time Aug  6 2025 12:43:09[0m
[0;32mI (31) boot: Multicore bootloader[0m
[0;32mI (33) boot: chip revision: v3.1[0m
[0;32mI (36) boot.esp32: SPI Speed      : 40MHz[0m
[0;32mI (39) boot.esp32: SPI Mode       : DIO[0m
[0;32mI (43) boot.esp32: SPI Flash Size : 4MB[0m
[0;32mI (47) boot: Enabling RNG early entropy source...[0m
[0;32mI (51) boot: Partition Table:[0m
[0;32mI (54) boot: ## Label            Usage          Type ST Offset   Length[0m
[0;32mI (60) boot:  0 nvs              WiFi data        01 02 00009000 00006000[0m
[0;32mI (67) boot:  1 phy_init         RF data          01 01 0000f000 00001000[0m
[0;32mI (73) boot:  2 factory          factory app      00 00 00010000 00100000[0m
[0;32mI (80) boot: End of partition table[0m
[0;32mI (83) esp_image: segment 0: paddr=00010020 vaddr=3f400020 size=0b604h ( 46596) map[0m
[0;32mI (106) esp_image: segment 1: paddr=0001b62c vaddr=3ff80000 size=0001ch (    28) load[0m
[0;32mI (107) esp_image: segment 2: paddr=0001b650 vaddr=3ffb0000 size=02438h (  9272) load[0m
[0;32mI (114) esp_image: segment 3: paddr=0001da90 vaddr=40080000 size=02588h (  9608) load[0m
[0;32mI (121) esp_image: segment 4: paddr=00020020 vaddr=400d0020 size=16ac0h ( 92864) map[0m
[0;32mI (157) esp_image: segment 5: paddr=00036ae8 vaddr=40082588 size=0c004h ( 49156) load[0m
[0;32mI (183) boot: Loaded app from partition at offset 0x10000[0m
[0;32mI (183) boot: Disabling RNG early entropy source...[0m
[0;32mI (194) cpu_start: Multicore app[0m
[0;32mI (202) cpu_start: Pro cpu start user code[0m
[0;32mI (202) cpu_start: cpu freq: 160000000 Hz[0m
[0;32mI (202) app_init: Application information:[0m
[0;32mI (202) app_init: Project name:     DriverESP32[0m
[0;32mI (206) app_init: App version:      ce11069-dirty[0m
[0;32mI (211) app_init: Compile time:     Aug 12 2025 14:42:37[0m
[0;32mI (216) app_init: ELF file SHA256:  81d3d6170...[0m
[0;32mI (220) app_init: ESP-IDF:          v5.4.1-dirty[0m
[0;32mI (224) efuse_init: Min chip rev:     v0.0[0m
[0;32mI (228) efuse_init: Max chip rev:     v3.99 [0m
[0;32mI (232) efuse_init: Chip rev:         v3.1[0m
[0;32mI (236) heap_init: Initializing. RAM available for dynamic allocation:[0m
[0;32mI (243) heap_init: At 3FFAE6E0 len 00001920 (6 KiB): DRAM[0m
[0;32mI (248) heap_init: At 3FFB2D28 len 0002D2D8 (180 KiB): DRAM[0m
[0;32mI (253) heap_init: At 3FFE0440 len 00003AE0 (14 KiB): D/IRAM[0m
[0;32mI (258) heap_init: At 3FFE4350 len 0001BCB0 (111 KiB): D/IRAM[0m
[0;32mI (264) heap_init: At 4008E58C len 00011A74 (70 KiB): IRAM[0m
[0;32mI (270) spi_flash: detected chip: generic[0m
[0;32mI (273) spi_flash: flash io: dio[0m
[0;32mI (276) main_task: Started on CPU0[0m
[0;32mI (286) main_task: Calling app_main()[0m
[0;32mI (286) SPI: SPI bus initialized[0m
[0;32mI (286) SPI: SPI device added[0m
[0;32mI (286) gpio: GPIO[25]| InputEn: 0| OutputEn: 1| OpenDrain: 0| Pullup: 1| Pulldown: 0| Intr:0 [0m
[0;32mI (296) gpio: GPIO[26]| InputEn: 0| OutputEn: 1| OpenDrain: 0| Pullup: 0| Pulldown: 0| Intr:0 [0m
[1;31mE (1296) spi_master: check_trans_valid(1055): rx length > tx length in full duplex mode[0m
ESP_ERROR_CHECK failed: esp_err_t 0x102 (ESP_ERR_INVALID_ARG) at 0x400d6ced
file: "./main/SPIpro.c" line 74
func: spi_sent_receive
expression: ret

abort() was called at PC 0x400866e7 on core 0


Backtrace: 0x400819b9:0x3ffb3e30 0x400866f1:0x3ffb3e50 0x4008ce8d:0x3ffb3e70 0x400866e7:0x3ffb3ee0 0x400d6ced:0x3ffb3f10 0x400d6da3:0x3ffb3f60 0x400d6d48:0x3ffb3f80 0x400d6bcb:0x3ffb3fa0 0x400d6bb4:0x3ffb3fc0 0x400e6388:0x3ffb4020 0x400870ad:0x3ffb4050




ELF file SHA256: 81d3d6170

Rebooting...
ets Jul 29 2019 12:21:46

rst:0xc (SW_CPU_RESET),boot:0x17 (SPI_FAST_FLASH_BOOT)
configsip: 0, SPIWP:0xee
clk_drv:0x00,q_drv:0x00,d_drv:0x00,cs0_drv:0x00,hd_drv:0x00,wp_drv:0x00
mode:DIO, clock div:2
load:0x3fff0030,len:6276
load:0x40078000,len:15748
load:0x40080400,len:4
ho 8 tail 4 room 4
load:0x40080404,len:3860
entry 0x4008063c
[0;32mI (31) boot: ESP-IDF v5.4.1-dirty 2nd stage bootloader[0m
[0;32mI (31) boot: compile time Aug  6 2025 12:43:09[0m
[0;32mI (31) boot: Multicore bootloader[0m
[0;32mI (33) boot: chip revision: v3.1[0m
[0;32mI (36) boot.esp32: SPI Speed      : 40MHz[0m
[0;32mI (39) boot.esp32: SPI Mode       : DIO[0m
[0;32mI (43) boot.esp32: SPI Flash Size : 4MB[0m
[0;32mI (47) boot: Enabling RNG early entropy source...[0m
[0;32mI (51) boot: Partition Table:[0m
[0;32mI (54) boot: ## Label            Usage          Type ST Offset   Length[0m
[0;32mI (60) boot:  0 nvs              WiFi data        01 02 00009000 00006000[0m
[0;32mI (67) boot:  1 phy_init         RF data          01 01 0000f000 00001000[0m
[0;32mI (73) boot:  2 factory          factory app      00 00 00010000 00100000[0m
[0;32mI (80) boot: End of partition table[0m
[0;32mI (83) esp_image: segment 0: paddr=00010020 vaddr=3f400020 size=0b604h ( 46596) map[0m
[0;32mI (106) esp_image: segment 1: paddr=0001b62c vaddr=3ff80000 size=0001ch (    28) load[0m
[0;32mI (107) esp_image: segment 2: paddr=0001b650 vaddr=3ffb0000 size=02438h (  9272) load[0m
[0;32mI (114) esp_image: segment 3: paddr=0001da90 vaddr=40080000 size=02588h (  9608) load[0m
[0;32mI (121) esp_image: segment 4: paddr=00020020 vaddr=400d0020 size=16ac0h ( 92864) map[0m
[0;32mI (157) esp_image: segment 5: paddr=00036ae8 vaddr=40082588 size=0c004h ( 49156) load[0m
[0;32mI (183) boot: Loaded app from partition at offset 0x10000[0m
[0;32mI (183) boot: Disabling RNG early entropy source...[0m
[0;32mI (194) cpu_start: Multicore app[0m
[0;32mI (202) cpu_start: Pro cpu start user code[0m
[0;32mI (202) cpu_start: cpu freq: 160000000 Hz[0m
[0;32mI (202) app_init: Application information:[0m
[0;32mI (202) app_init: Project name:     DriverESP32[0m
[0;32mI (206) app_init: App version:      ce11069-dirty[0m
[0;32mI (211) app_init: Compile time:     Aug 12 2025 14:42:37[0m
[0;32mI (216) app_init: ELF file SHA256:  81d3d6170...[0m
[0;32mI (220) app_init: ESP-IDF:          v5.4.1-dirty[0m
[0;32mI (224) efuse_init: Min chip rev:     v0.0[0m
[0;32mI (228) efuse_init: Max chip rev:     v3.99 [0m
[0;32mI (232) efuse_init: Chip rev:         v3.1[0m
[0;32mI (236) heap_init: Initializing. RAM available for dynamic allocation:[0m
[0;32mI (243) heap_init: At 3FFAE6E0 len 00001920 (6 KiB): DRAM[0m
[0;32mI (248) heap_init: At 3FFB2D28 len 0002D2D8 (180 KiB): DRAM[0m
[0;32mI (253) heap_init: At 3FFE0440 len 00003AE0 (14 KiB): D/IRAM[0m
[0;32mI (258) heap_init: At 3FFE4350 len 0001BCB0 (111 KiB): D/IRAM[0m
[0;32mI (264) heap_init: At 4008E58C len 00011A74 (70 KiB): IRAM[0m
[0;32mI (270) spi_flash: detected chip: generic[0m
[0;32mI (273) spi_flash: flash io: dio[0m
[0;32mI (276) main_task: Started on CPU0[0m
[0;32mI (286) main_task: Calling app_main()[0m
[0;32mI (286) SPI: SPI bus initialized[0m
[0;32mI (286) SPI: SPI device added[0m
[0;32mI (286) gpio: GPIO[25]| InputEn: 0| OutputEn: 1| OpenDrain: 0| Pullup: 1| Pulldown: 0| Intr:0 [0m
[0;32mI (296) gpio: GPIO[26]| InputEn: 0| OutputEn: 1| OpenDrain: 0| Pullup: 0| Pulldown: 0| Intr:0 [0m
[1;31mE (1296) spi_master: check_trans_valid(1055): rx length > tx length in full duplex mode[0m
ESP_ERROR_CHECK failed: esp_err_t 0x102 (ESP_ERR_INVALID_ARG) at 0x400d6ced
file: "./main/SPIpro.c" line 74
func: spi_sent_receive
expression: ret

abort() was called at PC 0x400866e7 on core 0


Backtrace: 0x400819b9:0x3ffb3e30 0x400866f1:0x3ffb3e50 0x4008ce8d:0x3ffb3e70 0x400866e7:0x3ffb3ee0 0x400d6ced:0x3ffb3f10 0x400d6da3:0x3ffb3f60 0x400d6d48:0x3ffb3f80 0x400d6bcb:0x3ffb3fa0 0x400d6bb4:0x3ffb3fc0 0x400e6388:0x3ffb4020 0x400870ad:0x3ffb4050




ELF file SHA256: 81d3d6170

Rebooting...
ets Jul 29 2019 12:21:46

rst:0xc (SW_CPU_RESET),boot:0x17 (SPI_FAST_FLASH_BOOT)
configsip: 0, SPIWP:0xee
clk_drv:0x00,q_drv:0x00,d_drv:0x00,cs0_drv:0x00,hd_drv:0x00,wp_drv:0x00
mode:DIO, clock div:2
load:0x3fff0030,len:6276
load:0x40078000,len:15748
load:0x40080400,len:4
ho 8 tail 4 room 4
load:0x40080404,len:3860
entry 0x4008063c
[0;32mI (31) boot: ESP-IDF v5.4.1-dirty 2nd stage bootloader[0m
[0;32mI (31) boot: compile time Aug  6 2025 12:43:09[0m
[0;32mI (31) boot: Multicore bootloader[0m
[0;32mI (33) boot: chip revision: v3.1[0m
[0;32mI (36) boot.esp32: SPI Speed      : 40MHz[0m
[0;32mI (39) boot.esp32: SPI Mode       : DIO[0m
[0;32mI (43) boot.esp32: SPI Flash Size : 4MB[0m
[0;32mI (47) boot: Enabling RNG early entropy source...[0m
[0;32mI (51) boot: Partition Table:[0m
[0;32mI (54) boot: ## Label            Usage          Type ST Offset   Length[0m
[0;32mI (60) boot:  0 nvs              WiFi data        01 02 00009000 00006000[0m
[0;32mI (67) boot:  1 phy_init         RF data          01 01 0000f000 00001000[0m
[0;32mI (73) boot:  2 factory          factory app      00 00 00010000 00100000[0m
[0;32mI (80) boot: End of partition table[0m
[0;32mI (83) esp_image: segment 0: paddr=00010020 vaddr=3f400020 size=0b604h ( 46596) map[0m
[0;32mI (106) esp_image: segment 1: paddr=0001b62c vaddr=3ff80000 size=0001ch (    28) load[0m
[0;32mI (107) esp_image: segment 2: paddr=0001b650 vaddr=3ffb0000 size=02438h (  9272) load[0m
[0;32mI (114) esp_image: segment 3: paddr=0001da90 vaddr=40080000 size=02588h (  9608) load[0m
[0;32mI (121) esp_image: segment 4: paddr=00020020 vaddr=400d0020 size=16ac0h ( 92864) map[0m
[0;32mI (157) esp_image: segment 5: paddr=00036ae8 vaddr=40082588 size=0c004h ( 49156) load[0m
[0;32mI (183) boot: Loaded app from partition at offset 0x10000[0m
[0;32mI (183) boot: Disabling RNG early entropy source...[0m
[0;32mI (194) cpu_start: Multicore app[0m
[0;32mI (202) cpu_start: Pro cpu start user code[0m
[0;32mI (202) cpu_start: cpu freq: 160000000 Hz[0m
[0;32mI (202) app_init: Application information:[0m
[0;32mI (202) app_init: Project name:     DriverESP32[0m
[0;32mI (206) app_init: App version:      ce11069-dirty[0m
[0;32mI (211) app_init: Compile time:     Aug 12 2025 14:42:37[0m
[0;32mI (216) app_init: ELF file SHA256:  81d3d6170...[0m
[0;32mI (220) app_init: ESP-IDF:          v5.4.1-dirty[0m
[0;32mI (224) efuse_init: Min chip rev:     v0.0[0m
[0;32mI (228) efuse_init: Max chip rev:     v3.99 [0m
[0;32mI (232) efuse_init: Chip rev:         v3.1[0m
[0;32mI (236) heap_init: Initializing. RAM available for dynamic allocation:[0m
[0;32mI (243) heap_init: At 3FFAE6E0 len 00001920 (6 KiB): DRAM[0m
[0;32mI (248) heap_init: At 3FFB2D28 len 0002D2D8 (180 KiB): DRAM[0m
[0;32mI (253) heap_init: At 3FFE0440 len 00003AE0 (14 KiB): D/IRAM[0m
[0;32mI (258) heap_init: At 3FFE4350 len 0001BCB0 (111 KiB): D/IRAM[0m
[0;32mI (264) heap_init: At 4008E58C len 00011A74 (70 KiB): IRAM[0m
[0;32mI (270) spi_flash: detected chip: generic[0m
[0;32mI (273) spi_flash: flash io: dio[0m
[0;32mI (276) main_task: Started on CPU0[0m
[0;32mI (286) main_task: Calling app_main()[0m
[0;32mI (286) SPI: SPI bus initialized[0m
[0;32mI (286) SPI: SPI device added[0m
[0;32mI (286) gpio: GPIO[25]| InputEn: 0| OutputEn: 1| OpenDrain: 0| Pullup: 1| Pulldown: 0| Intr:0 [0m
[0;32mI (296) gpio: GPIO[26]| InputEn: 0| OutputEn: 1| OpenDrain: 0| Pullup: 0| Pulldown: 0| Intr:0 [0m
[1;31mE (1296) spi_master: check_trans_valid(1055): rx length > tx length in full duplex mode[0m
ESP_ERROR_CHECK failed: esp_err_t 0x102 (ESP_ERR_INVALID_ARG) at 0x400d6ced
file: "./main/SPIpro.c" line 74
func: spi_sent_receive
expression: ret

abort() was called at PC 0x400866e7 on core 0


Backtrace: 0x400819b9:0x3ffb3e30 0x400866f1:0x3ffb3e50 0x4008ce8d:0x3ffb3e70 0x400866e7:0x3ffb3ee0 0x400d6ced:0x3ffb3f10 0x400d6da3:0x3ffb3f60 0x400d6d48:0x3ffb3f80 0x400d6bcb:0x3ffb3fa0 0x400d6bb4:0x3ffb3fc0 0x400e6388:0x3ffb4020 0x400870ad:0x3ffb4050




ELF file SHA256: 81d3d6170

Rebooting...
ets Jul 29 2019 12:21:46

rst:0xc (SW_CPU_RESET),boot:0x17 (SPI_FAST_FLASH_BOOT)
configsip: 0, SPIWP:0xee
clk_drv:0x00,q_drv:0x00,d_drv:0x00,cs0_drv:0x00,hd_drv:0x00,wp_drv:0x00
mode:DIO, clock div:2
load:0x3fff0030,len:6276
load:0x40078000,len:15748
load:0x40080400,len:4
ho 8 tail 4 room 4
load:0x40080404,len:3860
entry 0x4008063c
[0;32mI (31) boot: ESP-IDF v5.4.1-dirty 2nd stage bootloader[0m
[0;32mI (31) boot: compile time Aug  6 2025 12:43:09[0m
[0;32mI (31) boot: Multicore bootloader[0m
[0;32mI (33) boot: chip revision: v3.1[0m
[0;32mI (36) boot.esp32: SPI Speed      : 40MHz[0m
[0;32mI (39) boot.esp32: SPI Mode       : DIO[0m
[0;32mI (43) boot.esp32: SPI Flash Size : 4MB[0m
[0;32mI (47) boot: Enabling RNG early entropy source...[0m
[0;32mI (51) boot: Partition Table:[0m
[0;32mI (54) boot: ## Label            Usage          Type ST Offset   Length[0m
[0;32mI (60) boot:  0 nvs              WiFi data        01 02 00009000 00006000[0m
[0;32mI (67) boot:  1 phy_init         RF data          01 01 0000f000 00001000[0m
[0;32mI (73) boot:  2 factory          factory app      00 00 00010000 00100000[0m
[0;32mI (80) boot: End of partition table[0m
[0;32mI (83) esp_image: segment 0: paddr=00010020 vaddr=3f400020 size=0b604h ( 46596) map[0m
[0;32mI (106) esp_image: segment 1: paddr=0001b62c vaddr=3ff80000 size=0001ch (    28) load[0m
[0;32mI (107) esp_image: segment 2: paddr=0001b650 vaddr=3ffb0000 size=02438h (  9272) load[0m
[0;32mI (114) esp_image: segment 3: paddr=0001da90 vaddr=40080000 size=02588h (  9608) load[0m
[0;32mI (121) esp_image: segment 4: paddr=00020020 vaddr=400d0020 size=16ac0h ( 92864) map[0m
[0;32mI (157) esp_image: segment 5: paddr=00036ae8 vaddr=40082588 size=0c004h ( 49156) load[0m
[0;32mI (183) boot: Loaded app from partition at offset 0x10000[0m
[0;32mI (183) boot: Disabling RNG early entropy source...[0m
[0;32mI (194) cpu_start: Multicore app[0m
[0;32mI (202) cpu_start: Pro cpu start user code[0m
[0;32mI (202) cpu_start: cpu freq: 160000000 Hz[0m
[0;32mI (202) app_init: Application information:[0m
[0;32mI (202) app_init: Project name:     DriverESP32[0m
[0;32mI (206) app_init: App version:      ce11069-dirty[0m
[0;32mI (211) app_init: Compile time:     Aug 12 2025 14:42:37[0m
[0;32mI (216) app_init: ELF file SHA256:  81d3d6170...[0m
[0;32mI (220) app_init: ESP-IDF:          v5.4.1-dirty[0m
[0;32mI (224) efuse_init: Min chip rev:     v0.0[0m
[0;32mI (228) efuse_init: Max chip rev:     v3.99 [0m
[0;32mI (232) efuse_init: Chip rev:         v3.1[0m
[0;32mI (236) heap_init: Initializing. RAM available for dynamic allocation:[0m
[0;32mI (243) heap_init: At 3FFAE6E0 len 00001920 (6 KiB): DRAM[0m
[0;32mI (248) heap_init: At 3FFB2D28 len 0002D2D8 (180 KiB): DRAM[0m
[0;32mI (253) heap_init: At 3FFE0440 len 00003AE0 (14 KiB): D/IRAM[0m
[0;32mI (258) heap_init: At 3FFE4350 len 0001BCB0 (111 KiB): D/IRAM[0m
[0;32mI (264) heap_init: At 4008E58C len 00011A74 (70 KiB): IRAM[0m
[0;32mI (270) spi_flash: detected chip: generic[0m
[0;32mI (273) spi_flash: flash io: dio[0m
[0;32mI (276) main_task: Started on CPU0[0m
[0;32mI (286) main_task: Calling app_main()[0m
[0;32mI (286) SPI: SPI bus initialized[0m
[0;32mI (286) SPI: SPI device added[0m
[0;32mI (286) gpio: GPIO[25]| InputEn: 0| OutputEn: 1| OpenDrain: 0| Pullup: 1| Pulldown: 0| Intr:0 [0m
[0;32mI (296) gpio: GPIO[26]| InputEn: 0| OutputEn: 1| OpenDrain: 0| Pullup: 0| Pulldown: 0| Intr:0 [0m
[1;31mE (1296) spi_master: check_trans_valid(1055): rx length > tx length in full duplex mode[0m
ESP_ERROR_CHECK failed: esp_err_t 0x102 (ESP_ERR_INVALID_ARG) at 0x400d6ced
file: "./main/SPIpro.c" line 74
func: spi_sent_receive
expression: ret

abort() was called at PC 0x400866e7 on core 0


Backtrace: 0x400819b9:0x3ffb3e30 0x400866f1:0x3ffb3e50 0x4008ce8d:0x3ffb3e70 0x400866e7:0x3ffb3ee0 0x400d6ced:0x3ffb3f10 0x400d6da3:0x3ffb3f60 0x400d6d48:0x3ffb3f80 0x400d6bcb:0x3ffb3fa0 0x400d6bb4:0x3ffb3fc0 0x400e6388:0x3ffb4020 0x400870ad:0x3ffb4050




ELF file SHA256: 81d3d6170

Rebooting...
ets Jul 29 2019 12:21:46

rst:0xc (SW_CPU_RESET),boot:0x17 (SPI_FAST_FLASH_BOOT)
configsip: 0, SPIWP:0xee
clk_drv:0x00,q_drv:0x00,d_drv:0x00,cs0_drv:0x00,hd_drv:0x00,wp_drv:0x00
mode:DIO, clock div:2
load:0x3fff0030,len:6276
load:0x40078000,len:15748
load:0x40080400,len:4
ho 8 tail 4 room 4
load:0x40080404,len:3860
entry 0x4008063c
[0;32mI (31) boot: ESP-IDF v5.4.1-dirty 2nd stage bootloader[0m
[0;32mI (31) boot: compile time Aug  6 2025 12:43:09[0m
[0;32mI (31) boot: Multicore bootloader[0m
[0;32mI (33) boot: chip revision: v3.1[0m
[0;32mI (36) boot.esp32: SPI Speed      : 40MHz[0m
[0;32mI (39) boot.esp32: SPI Mode       : DIO[0m
[0;32mI (43) boot.esp32: SPI Flash Size : 4MB[0m
[0;32mI (47) boot: Enabling RNG early entropy source...[0m
[0;32mI (51) boot: Partition Table:[0m
[0;32mI (54) boot: ## Label            Usage          Type ST Offset   Length[0m
[0;32mI (60) boot:  0 nvs              WiFi data        01 02 00009000 00006000[0m
[0;32mI (67) boot:  1 phy_init         RF data          01 01 0000f000 00001000[0m
[0;32mI (73) boot:  2 factory          factory app      00 00 00010000 00100000[0m
[0;32mI (80) boot: End of partition table[0m
[0;32mI (83) esp_image: segment 0: paddr=00010020 vaddr=3f400020 size=0b604h ( 46596) map[0m
[0;32mI (106) esp_image: segment 1: paddr=0001b62c vaddr=3ff80000 size=0001ch (    28) load[0m
[0;32mI (107) esp_image: segment 2: paddr=0001b650 vaddr=3ffb0000 size=02438h (  9272) load[0m
[0;32mI (114) esp_image: segment 3: paddr=0001da90 vaddr=40080000 size=02588h (  9608) load[0m
[0;32mI (121) esp_image: segment 4: paddr=00020020 vaddr=400d0020 size=16ac0h ( 92864) map[0m
[0;32mI (157) esp_image: segment 5: paddr=00036ae8 vaddr=40082588 size=0c004h ( 49156) load[0m
[0;32mI (183) boot: Loaded app from partition at offset 0x10000[0m
[0;32mI (183) boot: Disabling RNG early entropy source...[0m
[0;32mI (194) cpu_start: Multicore app[0m
[0;32mI (202) cpu_start: Pro cpu start user code[0m
[0;32mI (202) cpu_start: cpu freq: 160000000 Hz[0m
[0;32mI (202) app_init: Application information:[0m
[0;32mI (202) app_init: Project name:     DriverESP32[0m
[0;32mI (206) app_init: App version:      ce11069-dirty[0m
[0;32mI (211) app_init: Compile time:     Aug 12 2025 14:42:37[0m
[0;32mI (216) app_init: ELF file SHA256:  81d3d6170...[0m
[0;32mI (220) app_init: ESP-IDF:          v5.4.1-dirty[0m
[0;32mI (224) efuse_init: Min chip rev:     v0.0[0m
[0;32mI (228) efuse_init: Max chip rev:     v3.99 [0m
[0;32mI (232) efuse_init: Chip rev:         v3.1[0m
[0;32mI (236) heap_init: Initializing. RAM available for dynamic allocation:[0m
[0;32mI (243) heap_init: At 3FFAE6E0 len 00001920 (6 KiB): DRAM[0m
[0;32mI (248) heap_init: At 3FFB2D28 len 0002D2D8 (180 KiB): DRAM[0m
[0;32mI (253) heap_init: At 3FFE0440 len 00003AE0 (14 KiB): D/IRAM[0m
[0;32mI (258) heap_init: At 3FFE4350 len 0001BCB0 (111 KiB): D/IRAM[0m
[0;32mI (264) heap_init: At 4008E58C len 00011A74 (70 KiB): IRAM[0m
[0;32mI (270) spi_flash: detected chip: generic[0m
[0;32mI (273) spi_flash: flash io: dio[0m
[0;32mI (276) main_task: Started on CPU0[0m
[0;32mI (286) main_task: Calling app_main()[0m
[0;32mI (286) SPI: SPI bus initialized[0m
[0;32mI (286) SPI: SPI device added[0m
[0;32mI (286) gpio: GPIO[25]| InputEn: 0| OutputEn: 1| OpenDrain: 0| Pullup: 1| Pulldown: 0| Intr:0 [0m
[0;32mI (296) gpio: GPIO[26]| InputEn: 0| OutputEn: 1| OpenDrain: 0| Pullup: 0| Pulldown: 0| Intr:0 [0m
[1;31mE (1296) spi_master: check_trans_valid(1055): rx length > tx length in full duplex mode[0m
ESP_ERROR_CHECK failed: esp_err_t 0x102 (ESP_ERR_INVALID_ARG) at 0x400d6ced
file: "./main/SPIpro.c" line 74
func: spi_sent_receive
expression: ret

abort() was called at PC 0x400866e7 on core 0


Backtrace: 0x400819b9:0x3ffb3e30 0x400866f1:0x3ffb3e50 0x4008ce8d:0x3ffb3e70 0x400866e7:0x3ffb3ee0 0x400d6ced:0x3ffb3f10 0x400d6da3:0x3ffb3f60 0x400d6d48:0x3ffb3f80 0x400d6bcb:0x3ffb3fa0 0x400d6bb4:0x3ffb3fc0 0x400e6388:0x3ffb4020 0x400870ad:0x3ffb4050




ELF file SHA256: 81d3d6170

Rebooting...
ets Jul 29 2019 12:21:46

rst:0xc (SW_CPU_RESET),boot:0x17 (SPI_FAST_FLASH_BOOT)
configsip: 0, SPIWP:0xee
clk_drv:0x00,q_drv:0x00,d_drv:0x00,cs0_drv:0x00,hd_drv:0x00,wp_drv:0x00
mode:DIO, clock div:2
load:0x3fff0030,len:6276
load:0x40078000,len:15748
load:0x40080400,len:4
ho 8 tail 4 room 4
load:0x40080404,len:3860
entry 0x4008063c
[0;32mI (31) boot: ESP-IDF v5.4.1-dirty 2nd stage bootloader[0m
[0;32mI (31) boot: compile time Aug  6 2025 12:43:09[0m
[0;32mI (31) boot: Multicore bootloader[0m
[0;32mI (33) boot: chip revision: v3.1[0m
[0;32mI (36) boot.esp32: SPI Speed      : 40MHz[0m
[0;32mI (39) boot.esp32: SPI Mode       : DIO[0m
[0;32mI (43) boot.esp32: SPI Flash Size : 4MB[0m
[0;32mI (47) boot: Enabling RNG early entropy source...[0m
[0;32mI (51) boot: Partition Table:[0m
[0;32mI (54) boot: ## Label            Usage          Type ST Offset   Length[0m
[0;32mI (60) boot:  0 nvs              WiFi data        01 02 00009000 00006000[0m
[0;32mI (67) boot:  1 phy_init         RF data          01 01 0000f000 00001000[0m
[0;32mI (73) boot:  2 factory          factory app      00 00 00010000 00100000[0m
[0;32mI (80) boot: End of partition table[0m
[0;32mI (83) esp_image: segment 0: paddr=00010020 vaddr=3f400020 size=0b604h ( 46596) map[0m
[0;32mI (106) esp_image: segment 1: paddr=0001b62c vaddr=3ff80000 size=0001ch (    28) load[0m
[0;32mI (107) esp_image: segment 2: paddr=0001b650 vaddr=3ffb0000 size=02438h (  9272) load[0m
[0;32mI (114) esp_image: segment 3: paddr=0001da90 vaddr=40080000 size=02588h (  9608) load[0m
[0;32mI (121) esp_image: segment 4: paddr=00020020 vaddr=400d0020 size=16ac0h ( 92864) map[0m
[0;32mI (157) esp_image: segment 5: paddr=00036ae8 vaddr=40082588 size=0c004h ( 49156) load[0m
[0;32mI (183) boot: Loaded app from partition at offset 0x10000[0m
[0;32mI (183) boot: Disabling RNG early entropy source...[0m
[0;32mI (194) cpu_start: Multicore app[0m
[0;32mI (202) cpu_start: Pro cpu start user code[0m
[0;32mI (202) cpu_start: cpu freq: 160000000 Hz[0m
[0;32mI (202) app_init: Application information:[0m
[0;32mI (202) app_init: Project name:     DriverESP32[0m
[0;32mI (206) app_init: App version:      ce11069-dirty[0m
[0;32mI (211) app_init: Compile time:     Aug 12 2025 14:42:37[0m
[0;32mI (216) app_init: ELF file SHA256:  81d3d6170...[0m
[0;32mI (220) app_init: ESP-IDF:          v5.4.1-dirty[0m
[0;32mI (224) efuse_init: Min chip rev:     v0.0[0m
[0;32mI (228) efuse_init: Max chip rev:     v3.99 [0m
[0;32mI (232) efuse_init: Chip rev:         v3.1[0m
[0;32mI (236) heap_init: Initializing. RAM available for dynamic allocation:[0m
[0;32mI (243) heap_init: At 3FFAE6E0 len 00001920 (6 KiB): DRAM[0m
[0;32mI (248) heap_init: At 3FFB2D28 len 0002D2D8 (180 KiB): DRAM[0m
[0;32mI (253) heap_init: At 3FFE0440 len 00003AE0 (14 KiB): D/IRAM[0m
[0;32mI (258) heap_init: At 3FFE4350 len 0001BCB0 (111 KiB): D/IRAM[0m
[0;32mI (264) heap_init: At 4008E58C len 00011A74 (70 KiB): IRAM[0m
[0;32mI (270) spi_flash: detected chip: generic[0m
[0;32mI (273) spi_flash: flash io: dio[0m
[0;32mI (276) main_task: Started on CPU0[0m
[0;32mI (286) main_task: Calling app_main()[0m
[0;32mI (286) SPI: SPI bus initialized[0m
[0;32mI (286) SPI: SPI device added[0m
[0;32mI (286) gpio: GPIO[25]| InputEn: 0| OutputEn: 1| OpenDrain: 0| Pullup: 1| Pulldown: 0| Intr:0 [0m
[0;32mI (296) gpio: GPIO[26]| InputEn: 0| OutputEn: 1| OpenDrain: 0| Pullup: 0| Pulldown: 0| Intr:0 [0m
[1;31mE (1296) spi_master: check_trans_valid(1055): rx length > tx length in full duplex mode[0m
ESP_ERROR_CHECK failed: esp_err_t 0x102 (ESP_ERR_INVALID_ARG) at 0x400d6ced
file: "./main/SPIpro.c" line 74
func: spi_sent_receive
expression: ret

abort() was called at PC 0x400866e7 on core 0


Backtrace: 0x400819b9:0x3ffb3e30 0x400866f1:0x3ffb3e50 0x4008ce8d:0x3ffb3e70 0x400866e7:0x3ffb3ee0 0x400d6ced:0x3ffb3f10 0x400d6da3:0x3ffb3f60 0x400d6d48:0x3ffb3f80 0x400d6bcb:0x3ffb3fa0 0x400d6bb4:0x3ffb3fc0 0x400e6388:0x3ffb4020 0x400870ad:0x3ffb4050




ELF file SHA256: 81d3d6170

Rebooting...
ets Jul 29 2019 12:21:46

rst:0xc (SW_CPU_RESET),boot:0x17 (SPI_FAST_FLASH_BOOT)
configsip: 0, SPIWP:0xee
clk_drv:0x00,q_drv:0x00,d_drv:0x00,cs0_drv:0x00,hd_drv:0x00,wp_drv:0x00
mode:DIO, clock div:2
load:0x3fff0030,len:6276
load:0x40078000,len:15748
load:0x40080400,len:4
ho 8 tail 4 room 4
load:0x40080404,len:3860
entry 0x4008063c
[0;32mI (31) boot: ESP-IDF v5.4.1-dirty 2nd stage bootloader[0m
[0;32mI (31) boot: compile time Aug  6 2025 12:43:09[0m
[0;32mI (31) boot: Multicore bootloader[0m
[0;32mI (33) boot: chip revision: v3.1[0m
[0;32mI (36) boot.esp32: SPI Speed      : 40MHz[0m
[0;32mI (39) boot.esp32: SPI Mode       : DIO[0m
[0;32mI (43) boot.esp32: SPI Flash Size : 4MB[0m
[0;32mI (47) boot: Enabling RNG early entropy source...[0m
[0;32mI (51) boot: Partition Table:[0m
[0;32mI (54) boot: ## Label            Usage          Type ST Offset   Length[0m
[0;32mI (60) boot:  0 nvs              WiFi data        01 02 00009000 00006000[0m
[0;32mI (67) boot:  1 phy_init         RF data          01 01 0000f000 00001000[0m
[0;32mI (73) boot:  2 factory          factory app      00 00 00010000 00100000[0m
[0;32mI (80) boot: End of partition table[0m
[0;32mI (83) esp_image: segment 0: paddr=00010020 vaddr=3f400020 size=0b604h ( 46596) map[0m
[0;32mI (106) esp_image: segment 1: paddr=0001b62c vaddr=3ff80000 size=0001ch (    28) load[0m
[0;32mI (107) esp_image: segment 2: paddr=0001b650 vaddr=3ffb0000 size=02438h (  9272) load[0m
[0;32mI (114) esp_image: segment 3: paddr=0001da90 vaddr=40080000 size=02588h (  9608) load[0m
[0;32mI (121) esp_image: segment 4: paddr=00020020 vaddr=400d0020 size=16ac0h ( 92864) map[0m
[0;32mI (157) esp_image: segment 5: paddr=00036ae8 vaddr=40082588 size=0c004h ( 49156) load[0m
[0;32mI (183) boot: Loaded app from partition at offset 0x10000[0m
[0;32mI (183) boot: Disabling RNG early entropy source...[0m
[0;32mI (194) cpu_start: Multicore app[0m
[0;32mI (202) cpu_start: Pro cpu start user code[0m
[0;32mI (202) cpu_start: cpu freq: 160000000 Hz[0m
[0;32mI (202) app_init: Application information:[0m
[0;32mI (202) app_init: Project name:     DriverESP32[0m
[0;32mI (206) app_init: App version:      ce11069-dirty[0m
[0;32mI (211) app_init: Compile time:     Aug 12 2025 14:42:37[0m
[0;32mI (216) app_init: ELF file SHA256:  81d3d6170...[0m
[0;32mI (220) app_init: ESP-IDF:          v5.4.1-dirty[0m
[0;32mI (224) efuse_init: Min chip rev:     v0.0[0m
[0;32mI (228) efuse_init: Max chip rev:     v3.99 [0m
[0;32mI (232) efuse_init: Chip rev:         v3.1[0m
[0;32mI (236) heap_init: Initializing. RAM available for dynamic allocation:[0m
[0;32mI (243) heap_init: At 3FFAE6E0 len 00001920 (6 KiB): DRAM[0m
[0;32mI (248) heap_init: At 3FFB2D28 len 0002D2D8 (180 KiB): DRAM[0m
[0;32mI (253) heap_init: At 3FFE0440 len 00003AE0 (14 KiB): D/IRAM[0m
[0;32mI (258) heap_init: At 3FFE4350 len 0001BCB0 (111 KiB): D/IRAM[0m
[0;32mI (264) heap_init: At 4008E58C len 00011A74 (70 KiB): IRAM[0m
[0;32mI (270) spi_flash: detected chip: generic[0m
[0;32mI (273) spi_flash: flash io: dio[0m
[0;32mI (276) main_task: Started on CPU0[0m
[0;32mI (286) main_task: Calling app_main()[0m
[0;32mI (286) SPI: SPI bus initialized[0m
[0;32mI (286) SPI: SPI device added[0m
[0;32mI (286) gpio: GPIO[25]| InputEn: 0| OutputEn: 1| OpenDrain: 0| Pullup: 1| Pulldown: 0| Intr:0 [0m
[0;32mI (296) gpio: GPIO[26]| InputEn: 0| OutputEn: 1| OpenDrain: 0| Pullup: 0| Pulldown: 0| Intr:0 [0m
[1;31mE (1296) spi_master: check_trans_valid(1055): rx length > tx length in full duplex mode[0m
ESP_ERROR_CHECK failed: esp_err_t 0x102 (ESP_ERR_INVALID_ARG) at 0x400d6ced
file: "./main/SPIpro.c" line 74
func: spi_sent_receive
expression: ret

abort() was called at PC 0x400866e7 on core 0


Backtrace: 0x400819b9:0x3ffb3e30 0x400866f1:0x3ffb3e50 0x4008ce8d:0x3ffb3e70 0x400866e7:0x3ffb3ee0 0x400d6ced:0x3ffb3f10 0x400d6da3:0x3ffb3f60 0x400d6d48:0x3ffb3f80 0x400d6bcb:0x3ffb3fa0 0x400d6bb4:0x3ffb3fc0 0x400e6388:0x3ffb4020 0x400870ad:0x3ffb4050




ELF file SHA256: 81d3d6170

Rebooting...
ets Jul 29 2019 12:21:46

rst:0xc (SW_CPU_RESET),boot:0x17 (SPI_FAST_FLASH_BOOT)
configsip: 0, SPIWP:0xee
clk_drv:0x00,q_drv:0x00,d_drv:0x00,cs0_drv:0x00,hd_drv:0x00,wp_drv:0x00
mode:DIO, clock div:2
load:0x3fff0030,len:6276
load:0x40078000,len:15748
load:0x40080400,len:4
ho 8 tail 4 room 4
load:0x40080404,len:3860
entry 0x4008063c
[0;32mI (31) boot: ESP-IDF v5.4.1-dirty 2nd stage bootloader[0m
[0;32mI (31) boot: compile time Aug  6 2025 12:43:09[0m
[0;32mI (31) boot: Multicore bootloader[0m
[0;32mI (33) boot: chip revision: v3.1[0m
[0;32mI (36) boot.esp32: SPI Speed      : 40MHz[0m
[0;32mI (39) boot.esp32: SPI Mode       : DIO[0m
[0;32mI (43) boot.esp32: SPI Flash Size : 4MB[0m
[0;32mI (47) boot: Enabling RNG early entropy source...[0m
[0;32mI (51) boot: Partition Table:[0m
[0;32mI (54) boot: ## Label            Usage          Type ST Offset   Length[0m
[0;32mI (60) boot:  0 nvs              WiFi data        01 02 00009000 00006000[0m
[0;32mI (67) boot:  1 phy_init         RF data          01 01 0000f000 00001000[0m
[0;32mI (73) boot:  2 factory          factory app      00 00 00010000 00100000[0m
[0;32mI (80) boot: End of partition table[0m
[0;32mI (83) esp_image: segment 0: paddr=00010020 vaddr=3f400020 size=0b604h ( 46596) map[0m
[0;32mI (106) esp_image: segment 1: paddr=0001b62c vaddr=3ff80000 size=0001ch (    28) load[0m
[0;32mI (107) esp_image: segment 2: paddr=0001b650 vaddr=3ffb0000 size=02438h (  9272) load[0m
[0;32mI (114) esp_image: segment 3: paddr=0001da90 vaddr=40080000 size=02588h (  9608) load[0m
[0;32mI (121) esp_image: segment 4: paddr=00020020 vaddr=400d0020 size=16ac0h ( 92864) map[0m
[0;32mI (157) esp_image: segment 5: paddr=00036ae8 vaddr=40082588 size=0c004h ( 49156) load[0m
[0;32mI (183) boot: Loaded app from partition at offset 0x10000[0m
[0;32mI (183) boot: Disabling RNG early entropy source...[0m
[0;32mI (194) cpu_start: Multicore app[0m
[0;32mI (202) cpu_start: Pro cpu start user code[0m
[0;32mI (202) cpu_start: cpu freq: 160000000 Hz[0m
[0;32mI (202) app_init: Application information:[0m
[0;32mI (202) app_init: Project name:     DriverESP32[0m
[0;32mI (206) app_init: App version:      ce11069-dirty[0m
[0;32mI (211) app_init: Compile time:     Aug 12 2025 14:42:37[0m
[0;32mI (216) app_init: ELF file SHA256:  81d3d6170...[0m
[0;32mI (220) app_init: ESP-IDF:          v5.4.1-dirty[0m
[0;32mI (224) efuse_init: Min chip rev:     v0.0[0m
[0;32mI (228) efuse_init: Max chip rev:     v3.99 [0m
[0;32mI (232) efuse_init: Chip rev:         v3.1[0m
[0;32mI (236) heap_init: Initializing. RAM available for dynamic allocation:[0m
[0;32mI (243) heap_init: At 3FFAE6E0 len 00001920 (6 KiB): DRAM[0m
[0;32mI (248) heap_init: At 3FFB2D28 len 0002D2D8 (180 KiB): DRAM[0m
[0;32mI (253) heap_init: At 3FFE0440 len 00003AE0 (14 KiB): D/IRAM[0m
[0;32mI (258) heap_init: At 3FFE4350 len 0001BCB0 (111 KiB): D/IRAM[0m
[0;32mI (264) heap_init: At 4008E58C len 00011A74 (70 KiB): IRAM[0m
[0;32mI (270) spi_flash: detected chip: generic[0m
[0;32mI (273) spi_flash: flash io: dio[0m
[0;32mI (276) main_task: Started on CPU0[0m
[0;32mI (286) main_task: Calling app_main()[0m
[0;32mI (286) SPI: SPI bus initialized[0m
[0;32mI (286) SPI: SPI device added[0m
[0;32mI (286) gpio: GPIO[25]| InputEn: 0| OutputEn: 1| OpenDrain: 0| Pullup: 1| Pulldown: 0| Intr:0 [0m
[0;32mI (296) gpio: GPIO[26]| InputEn: 0| OutputEn: 1| OpenDrain: 0| Pullup: 0| Pulldown: 0| Intr:0 [0m
[1;31mE (1296) spi_master: check_trans_valid(1055): rx length > tx length in full duplex mode[0m
ESP_ERROR_CHECK failed: esp_err_t 0x102 (ESP_ERR_INVALID_ARG) at 0x400d6ced
file: "./main/SPIpro.c" line 74
func: spi_sent_receive
expression: ret

abort() was called at PC 0x400866e7 on core 0


Backtrace: 0x400819b9:0x3ffb3e30 0x400866f1:0x3ffb3e50 0x4008ce8d:0x3ffb3e70 0x400866e7:0x3ffb3ee0 0x400d6ced:0x3ffb3f10 0x400d6da3:0x3ffb3f60 0x400d6d48:0x3ffb3f80 0x400d6bcb:0x3ffb3fa0 0x400d6bb4:0x3ffb3fc0 0x400e6388:0x3ffb4020 0x400870ad:0x3ffb4050




ELF file SHA256: 81d3d6170

Rebooting...
ets Jul 29 2019 12:21:46

rst:0xc (SW_CPU_RESET),boot:0x17 (SPI_FAST_FLASH_BOOT)
configsip: 0, SPIWP:0xee
clk_drv:0x00,q_drv:0x00,d_drv:0x00,cs0_drv:0x00,hd_drv:0x00,wp_drv:0x00
mode:DIO, clock div:2
load:0x3fff0030,len:6276
load:0x40078000,len:15748
load:0x40080400,len:4
ho 8 tail 4 room 4
load:0x40080404,len:3860
entry 0x4008063c
[0;32mI (31) boot: ESP-IDF v5.4.1-dirty 2nd stage bootloader[0m
[0;32mI (31) boot: compile time Aug  6 2025 12:43:09[0m
[0;32mI (31) boot: Multicore bootloader[0m
[0;32mI (33) boot: chip revision: v3.1[0m
[0;32mI (36) boot.esp32: SPI Speed      : 40MHz[0m
[0;32mI (39) boot.esp32: SPI Mode       : DIO[0m
[0;32mI (43) boot.esp32: SPI Flash Size : 4MB[0m
[0;32mI (47) boot: Enabling RNG early entropy source...[0m
[0;32mI (51) boot: Partition Table:[0m
[0;32mI (54) boot: ## Label            Usage          Type ST Offset   Length[0m
[0;32mI (60) boot:  0 nvs              WiFi data        01 02 00009000 00006000[0m
[0;32mI (67) boot:  1 phy_init         RF data          01 01 0000f000 00001000[0m
[0;32mI (73) boot:  2 factory          factory app      00 00 00010000 00100000[0m
[0;32mI (80) boot: End of partition table[0m
[0;32mI (83) esp_image: segment 0: paddr=00010020 vaddr=3f400020 size=0b604h ( 46596) map[0m
[0;32mI (106) esp_image: segment 1: paddr=0001b62c vaddr=3ff80000 size=0001ch (    28) load[0m
[0;32mI (107) esp_image: segment 2: paddr=0001b650 vaddr=3ffb0000 size=02438h (  9272) load[0m
[0;32mI (114) esp_image: segment 3: paddr=0001da90 vaddr=40080000 size=02588h (  9608) load[0m
[0;32mI (121) esp_image: segment 4: paddr=00020020 vaddr=400d0020 size=16ac0h ( 92864) map[0m
[0;32mI (157) esp_image: segment 5: paddr=00036ae8 vaddr=40082588 size=0c004h ( 49156) load[0m
[0;32mI (183) boot: Loaded app from partition at offset 0x10000[0m
[0;32mI (183) boot: Disabling RNG early entropy source...[0m
[0;32mI (194) cpu_start: Multicore app[0m
[0;32mI (202) cpu_start: Pro cpu start user code[0m
[0;32mI (202) cpu_start: cpu freq: 160000000 Hz[0m
[0;32mI (202) app_init: Application information:[0m
[0;32mI (202) app_init: Project name:     DriverESP32[0m
[0;32mI (206) app_init: App version:      ce11069-dirty[0m
[0;32mI (211) app_init: Compile time:     Aug 12 2025 14:42:37[0m
[0;32mI (216) app_init: ELF file SHA256:  81d3d6170...[0m
[0;32mI (220) app_init: ESP-IDF:          v5.4.1-dirty[0m
[0;32mI (224) efuse_init: Min chip rev:     v0.0[0m
[0;32mI (228) efuse_init: Max chip rev:     v3.99 [0m
[0;32mI (232) efuse_init: Chip rev:         v3.1[0m
[0;32mI (236) heap_init: Initializing. RAM available for dynamic allocation:[0m
[0;32mI (243) heap_init: At 3FFAE6E0 len 00001920 (6 KiB): DRAM[0m
[0;32mI (248) heap_init: At 3FFB2D28 len 0002D2D8 (180 KiB): DRAM[0m
[0;32mI (253) heap_init: At 3FFE0440 len 00003AE0 (14 KiB): D/IRAM[0m
[0;32mI (258) heap_init: At 3FFE4350 len 0001BCB0 (111 KiB): D/IRAM[0m
[0;32mI (264) heap_init: At 4008E58C len 00011A74 (70 KiB): IRAM[0m
[0;32mI (270) spi_flash: detected chip: generic[0m
[0;32mI (273) spi_flash: flash io: dio[0m
[0;32mI (276) main_task: Started on CPU0[0m
[0;32mI (286) main_task: Calling app_main()[0m
[0;32mI (286) SPI: SPI bus initialized[0m
[0;32mI (286) SPI: SPI device added[0m
[0;32mI (286) gpio: GPIO[25]| InputEn: 0| OutputEn: 1| OpenDrain: 0| Pullup: 1| Pulldown: 0| Intr:0 [0m
[0;32mI (296) gpio: GPIO[26]| InputEn: 0| OutputEn: 1| OpenDrain: 0| Pullup: 0| Pulldown: 0| Intr:0 [0m
[1;31mE (1296) spi_master: check_trans_valid(1055): rx length > tx length in full duplex mode[0m
ESP_ERROR_CHECK failed: esp_err_t 0x102 (ESP_ERR_INVALID_ARG) at 0x400d6ced
file: "./main/SPIpro.c" line 74
func: spi_sent_receive
expression: ret

abort() was called at PC 0x400866e7 on core 0


Backtrace: 0x400819b9:0x3ffb3e30 0x400866f1:0x3ffb3e50 0x4008ce8d:0x3ffb3e70 0x400866e7:0x3ffb3ee0 0x400d6ced:0x3ffb3f10 0x400d6da3:0x3ffb3f60 0x400d6d48:0x3ffb3f80 0x400d6bcb:0x3ffb3fa0 0x400d6bb4:0x3ffb3fc0 0x400e6388:0x3ffb4020 0x400870ad:0x3ffb4050




ELF file SHA256: 81d3d6170

Rebooting...
ets Jul 29 2019 12:21:46

rst:0xc (SW_CPU_RESET),boot:0x17 (SPI_FAST_FLASH_BOOT)
configsip: 0, SPIWP:0xee
clk_drv:0x00,q_drv:0x00,d_drv:0x00,cs0_drv:0x00,hd_drv:0x00,wp_drv:0x00
mode:DIO, clock div:2
load:0x3fff0030,len:6276
load:0x40078000,len:15748
load:0x40080400,len:4
ho 8 tail 4 room 4
load:0x40080404,len:3860
entry 0x4008063c
[0;32mI (31) boot: ESP-IDF v5.4.1-dirty 2nd stage bootloader[0m
[0;32mI (31) boot: compile time Aug  6 2025 12:43:09[0m
[0;32mI (31) boot: Multicore bootloader[0m
[0;32mI (33) boot: chip revision: v3.1[0m
[0;32mI (36) boot.esp32: SPI Speed      : 40MHz[0m
[0;32mI (39) boot.esp32: SPI Mode       : DIO[0m
[0;32mI (43) boot.esp32: SPI Flash Size : 4MB[0m
[0;32mI (47) boot: Enabling RNG early entropy source...[0m
[0;32mI (51) boot: Partition Table:[0m
[0;32mI (54) boot: ## Label            Usage          Type ST Offset   Length[0m
[0;32mI (60) boot:  0 nvs              WiFi data        01 02 00009000 00006000[0m
[0;32mI (67) boot:  1 phy_init         RF data          01 01 0000f000 00001000[0m
[0;32mI (73) boot:  2 factory          factory app      00 00 00010000 00100000[0m
[0;32mI (80) boot: End of partition table[0m
[0;32mI (83) esp_image: segment 0: paddr=00010020 vaddr=3f400020 size=0b604h ( 46596) map[0m
[0;32mI (106) esp_image: segment 1: paddr=0001b62c vaddr=3ff80000 size=0001ch (    28) load[0m
[0;32mI (107) esp_image: segment 2: paddr=0001b650 vaddr=3ffb0000 size=02438h (  9272) load[0m
[0;32mI (114) esp_image: segment 3: paddr=0001da90 vaddr=40080000 size=02588h (  9608) load[0m
[0;32mI (121) esp_image: segment 4: paddr=00020020 vaddr=400d0020 size=16ac0h ( 92864) map[0m
[0;32mI (157) esp_image: segment 5: paddr=00036ae8 vaddr=40082588 size=0c004h ( 49156) load[0m
[0;32mI (183) boot: Loaded app from partition at offset 0x10000[0m
[0;32mI (183) boot: Disabling RNG early entropy source...[0m
[0;32mI (194) cpu_start: Multicore app[0m
[0;32mI (202) cpu_start: Pro cpu start user code[0m
[0;32mI (202) cpu_start: cpu freq: 160000000 Hz[0m
[0;32mI (202) app_init: Application information:[0m
[0;32mI (202) app_init: Project name:     DriverESP32[0m
[0;32mI (206) app_init: App version:      ce11069-dirty[0m
[0;32mI (211) app_init: Compile time:     Aug 12 2025 14:42:37[0m
[0;32mI (216) app_init: ELF file SHA256:  81d3d6170...[0m
[0;32mI (220) app_init: ESP-IDF:          v5.4.1-dirty[0m
[0;32mI (224) efuse_init: Min chip rev:     v0.0[0m
[0;32mI (228) efuse_init: Max chip rev:     v3.99 [0m
[0;32mI (232) efuse_init: Chip rev:         v3.1[0m
[0;32mI (236) heap_init: Initializing. RAM available for dynamic allocation:[0m
[0;32mI (243) heap_init: At 3FFAE6E0 len 00001920 (6 KiB): DRAM[0m
[0;32mI (248) heap_init: At 3FFB2D28 len 0002D2D8 (180 KiB): DRAM[0m
[0;32mI (253) heap_init: At 3FFE0440 len 00003AE0 (14 KiB): D/IRAM[0m
[0;32mI (258) heap_init: At 3FFE4350 len 0001BCB0 (111 KiB): D/IRAM[0m
[0;32mI (264) heap_init: At 4008E58C len 00011A74 (70 KiB): IRAM[0m
[0;32mI (270) spi_flash: detected chip: generic[0m
[0;32mI (273) spi_flash: flash io: dio[0m
[0;32mI (276) main_task: Started on CPU0[0m
[0;32mI (286) main_task: Calling app_main()[0m
[0;32mI (286) SPI: SPI bus initialized[0m
[0;32mI (286) SPI: SPI device added[0m
[0;32mI (286) gpio: GPIO[25]| InputEn: 0| OutputEn: 1| OpenDrain: 0| Pullup: 1| Pulldown: 0| Intr:0 [0m
[0;32mI (296) gpio: GPIO[26]| InputEn: 0| OutputEn: 1| OpenDrain: 0| Pullup: 0| Pulldown: 0| Intr:0 [0m
[1;31mE (1296) spi_master: check_trans_valid(1055): rx length > tx length in full duplex mode[0m
ESP_ERROR_CHECK failed: esp_err_t 0x102 (ESP_ERR_INVALID_ARG) at 0x400d6ced
file: "./main/SPIpro.c" line 74
func: spi_sent_receive
expression: ret

abort() was called at PC 0x400866e7 on core 0


Backtrace: 0x400819b9:0x3ffb3e30 0x400866f1:0x3ffb3e50 0x4008ce8d:0x3ffb3e70 0x400866e7:0x3ffb3ee0 0x400d6ced:0x3ffb3f10 0x400d6da3:0x3ffb3f60 0x400d6d48:0x3ffb3f80 0x400d6bcb:0x3ffb3fa0 0x400d6bb4:0x3ffb3fc0 0x400e6388:0x3ffb4020 0x400870ad:0x3ffb4050




ELF file SHA256: 81d3d6170

Rebooting...
ets Jul 29 2019 12:21:46

rst:0xc (SW_CPU_RESET),boot:0x17 (SPI_FAST_FLASH_BOOT)
configsip: 0, SPIWP:0xee
clk_drv:0x00,q_drv:0x00,d_drv:0x00,cs0_drv:0x00,hd_drv:0x00,wp_drv:0x00
mode:DIO, clock div:2
load:0x3fff0030,len:6276
load:0x40078000,len:15748
load:0x40080400,len:4
ho 8 tail 4 room 4
load:0x40080404,len:3860
entry 0x4008063c
[0;32mI (31) boot: ESP-IDF v5.4.1-dirty 2nd stage bootloader[0m
[0;32mI (31) boot: compile time Aug  6 2025 12:43:09[0m
[0;32mI (31) boot: Multicore bootloader[0m
[0;32mI (33) boot: chip revision: v3.1[0m
[0;32mI (36) boot.esp32: SPI Speed      : 40MHz[0m
[0;32mI (39) boot.esp32: SPI Mode       : DIO[0m
[0;32mI (43) boot.esp32: SPI Flash Size : 4MB[0m
[0;32mI (47) boot: Enabling RNG early entropy source...[0m
[0;32mI (51) boot: Partition Table:[0m
[0;32mI (54) boot: ## Label            Usage          Type ST Offset   Length[0m
[0;32mI (60) boot:  0 nvs              WiFi data        01 02 00009000 00006000[0m
[0;32mI (67) boot:  1 phy_init         RF data          01 01 0000f000 00001000[0m
[0;32mI (73) boot:  2 factory          factory app      00 00 00010000 00100000[0m
[0;32mI (80) boot: End of partition table[0m
[0;32mI (83) esp_image: segment 0: paddr=00010020 vaddr=3f400020 size=0b604h ( 46596) map[0m
[0;32mI (106) esp_image: segment 1: paddr=0001b62c vaddr=3ff80000 size=0001ch (    28) load[0m
[0;32mI (107) esp_image: segment 2: paddr=0001b650 vaddr=3ffb0000 size=02438h (  9272) load[0m
[0;32mI (114) esp_image: segment 3: paddr=0001da90 vaddr=40080000 size=02588h (  9608) load[0m
[0;32mI (121) esp_image: segment 4: paddr=00020020 vaddr=400d0020 size=16ac0h ( 92864) map[0m
[0;32mI (157) esp_image: segment 5: paddr=00036ae8 vaddr=40082588 size=0c004h ( 49156) load[0m
[0;32mI (183) boot: Loaded app from partition at offset 0x10000[0m
[0;32mI (183) boot: Disabling RNG early entropy source...[0m
[0;32mI (194) cpu_start: Multicore app[0m
[0;32mI (202) cpu_start: Pro cpu start user code[0m
[0;32mI (202) cpu_start: cpu freq: 160000000 Hz[0m
[0;32mI (202) app_init: Application information:[0m
[0;32mI (202) app_init: Project name:     DriverESP32[0m
[0;32mI (206) app_init: App version:      ce11069-dirty[0m
[0;32mI (211) app_init: Compile time:     Aug 12 2025 14:42:37[0m
[0;32mI (216) app_init: ELF file SHA256:  81d3d6170...[0m
[0;32mI (220) app_init: ESP-IDF:          v5.4.1-dirty[0m
[0;32mI (224) efuse_init: Min chip rev:     v0.0[0m
[0;32mI (228) efuse_init: Max chip rev:     v3.99 [0m
[0;32mI (232) efuse_init: Chip rev:         v3.1[0m
[0;32mI (236) heap_init: Initializing. RAM available for dynamic allocation:[0m
[0;32mI (243) heap_init: At 3FFAE6E0 len 00001920 (6 KiB): DRAM[0m
[0;32mI (248) heap_init: At 3FFB2D28 len 0002D2D8 (180 KiB): DRAM[0m
[0;32mI (253) heap_init: At 3FFE0440 len 00003AE0 (14 KiB): D/IRAM[0m
[0;32mI (258) heap_init: At 3FFE4350 len 0001BCB0 (111 KiB): D/IRAM[0m
[0;32mI (264) heap_init: At 4008E58C len 00011A74 (70 KiB): IRAM[0m
[0;32mI (270) spi_flash: detected chip: generic[0m
[0;32mI (273) spi_flash: flash io: dio[0m
[0;32mI (276) main_task: Started on CPU0[0m
[0;32mI (286) main_task: Calling app_main()[0m
[0;32mI (286) SPI: SPI bus initialized[0m
[0;32mI (286) SPI: SPI device added[0m
[0;32mI (286) gpio: GPIO[25]| InputEn: 0| OutputEn: 1| OpenDrain: 0| Pullup: 1| Pulldown: 0| Intr:0 [0m
[0;32mI (296) gpio: GPIO[26]| InputEn: 0| OutputEn: 1| OpenDrain: 0| Pullup: 0| Pulldown: 0| Intr:0 [0m
[1;31mE (1296) spi_master: check_trans_valid(1055): rx length > tx length in full duplex mode[0m
ESP_ERROR_CHECK failed: esp_err_t 0x102 (ESP_ERR_INVALID_ARG) at 0x400d6ced
file: "./main/SPIpro.c" line 74
func: spi_sent_receive
expression: ret

abort() was called at PC 0x400866e7 on core 0


